Archive member included to satisfy reference by file (symbol)

C:/PROGRA~2/ARMGNU~1/14EFD8~1.2RE/bin/../lib/gcc/arm-none-eabi/14.2.1/thumb/v8-m.main+fp/softfp\libm.a(libm_a-wf_sqrt.o)
                              CMakeFiles/FreeRTOS_PICO2350.dir/C_/Users/petek/.pico-sdk/sdk/2.1.1/src/rp2_common/pico_float/float_math.c.obj (sqrtf)
C:/PROGRA~2/ARMGNU~1/14EFD8~1.2RE/bin/../lib/gcc/arm-none-eabi/14.2.1/thumb/v8-m.main+fp/softfp\libm.a(libm_a-ef_sqrt.o)
                              C:/PROGRA~2/ARMGNU~1/14EFD8~1.2RE/bin/../lib/gcc/arm-none-eabi/14.2.1/thumb/v8-m.main+fp/softfp\libm.a(libm_a-wf_sqrt.o) (__ieee754_sqrtf)
C:/PROGRA~2/ARMGNU~1/14EFD8~1.2RE/bin/../lib/gcc/arm-none-eabi/14.2.1/thumb/v8-m.main+fp/softfp\libgcc.a(_arm_addsubdf3.o)
                              CMakeFiles/FreeRTOS_PICO2350.dir/C_/Users/petek/.pico-sdk/sdk/2.1.1/src/rp2_common/pico_float/float_math.c.obj (__aeabi_f2d)
C:/PROGRA~2/ARMGNU~1/14EFD8~1.2RE/bin/../lib/gcc/arm-none-eabi/14.2.1/thumb/v8-m.main+fp/softfp\libgcc.a(_aeabi_ldivmod.o)
                              CMakeFiles/FreeRTOS_PICO2350.dir/C_/Users/petek/Documents/pico/FreeRTOS_PICO2350/src/FreeRTOS/portable/ThirdParty/GCC/RP2350_ARM_NTZ/non_secure/port.c.obj (__aeabi_ldivmod)
C:/PROGRA~2/ARMGNU~1/14EFD8~1.2RE/bin/../lib/gcc/arm-none-eabi/14.2.1/thumb/v8-m.main+fp/softfp\libgcc.a(_aeabi_uldivmod.o)
                              CMakeFiles/FreeRTOS_PICO2350.dir/C_/Users/petek/.pico-sdk/sdk/2.1.1/src/rp2_common/pico_async_context/async_context_freertos.c.obj (__aeabi_uldivmod)
C:/PROGRA~2/ARMGNU~1/14EFD8~1.2RE/bin/../lib/gcc/arm-none-eabi/14.2.1/thumb/v8-m.main+fp/softfp\libgcc.a(_udivmoddi4.o)
                              C:/PROGRA~2/ARMGNU~1/14EFD8~1.2RE/bin/../lib/gcc/arm-none-eabi/14.2.1/thumb/v8-m.main+fp/softfp\libgcc.a(_aeabi_ldivmod.o) (__udivmoddi4)
C:/PROGRA~2/ARMGNU~1/14EFD8~1.2RE/bin/../lib/gcc/arm-none-eabi/14.2.1/thumb/v8-m.main+fp/softfp\libgcc.a(_dvmd_tls.o)
                              C:/PROGRA~2/ARMGNU~1/14EFD8~1.2RE/bin/../lib/gcc/arm-none-eabi/14.2.1/thumb/v8-m.main+fp/softfp\libgcc.a(_aeabi_ldivmod.o) (__aeabi_ldiv0)
C:/PROGRA~2/ARMGNU~1/14EFD8~1.2RE/bin/../lib/gcc/arm-none-eabi/14.2.1/thumb/v8-m.main+fp/softfp\libg.a(libc_a-calloc.o)
                              CMakeFiles/FreeRTOS_PICO2350.dir/C_/Users/petek/.pico-sdk/sdk/2.1.1/src/rp2_common/pico_malloc/malloc.c.obj (calloc)
C:/PROGRA~2/ARMGNU~1/14EFD8~1.2RE/bin/../lib/gcc/arm-none-eabi/14.2.1/thumb/v8-m.main+fp/softfp\libg.a(libc_a-callocr.o)
                              C:/PROGRA~2/ARMGNU~1/14EFD8~1.2RE/bin/../lib/gcc/arm-none-eabi/14.2.1/thumb/v8-m.main+fp/softfp\libg.a(libc_a-calloc.o) (_calloc_r)
C:/PROGRA~2/ARMGNU~1/14EFD8~1.2RE/bin/../lib/gcc/arm-none-eabi/14.2.1/thumb/v8-m.main+fp/softfp\libg.a(libc_a-malloc.o)
                              CMakeFiles/FreeRTOS_PICO2350.dir/C_/Users/petek/.pico-sdk/sdk/2.1.1/src/rp2_common/pico_malloc/malloc.c.obj (malloc)
C:/PROGRA~2/ARMGNU~1/14EFD8~1.2RE/bin/../lib/gcc/arm-none-eabi/14.2.1/thumb/v8-m.main+fp/softfp\libg.a(libc_a-mallocr.o)
                              C:/PROGRA~2/ARMGNU~1/14EFD8~1.2RE/bin/../lib/gcc/arm-none-eabi/14.2.1/thumb/v8-m.main+fp/softfp\libg.a(libc_a-callocr.o) (_malloc_r)
C:/PROGRA~2/ARMGNU~1/14EFD8~1.2RE/bin/../lib/gcc/arm-none-eabi/14.2.1/thumb/v8-m.main+fp/softfp\libg.a(libc_a-mlock.o)
                              C:/PROGRA~2/ARMGNU~1/14EFD8~1.2RE/bin/../lib/gcc/arm-none-eabi/14.2.1/thumb/v8-m.main+fp/softfp\libg.a(libc_a-mallocr.o) (__malloc_lock)
C:/PROGRA~2/ARMGNU~1/14EFD8~1.2RE/bin/../lib/gcc/arm-none-eabi/14.2.1/thumb/v8-m.main+fp/softfp\libg.a(libc_a-realloc.o)
                              CMakeFiles/FreeRTOS_PICO2350.dir/C_/Users/petek/.pico-sdk/sdk/2.1.1/src/rp2_common/pico_malloc/malloc.c.obj (realloc)
C:/PROGRA~2/ARMGNU~1/14EFD8~1.2RE/bin/../lib/gcc/arm-none-eabi/14.2.1/thumb/v8-m.main+fp/softfp\libg.a(libc_a-reallocr.o)
                              C:/PROGRA~2/ARMGNU~1/14EFD8~1.2RE/bin/../lib/gcc/arm-none-eabi/14.2.1/thumb/v8-m.main+fp/softfp\libg.a(libc_a-realloc.o) (_realloc_r)
C:/PROGRA~2/ARMGNU~1/14EFD8~1.2RE/bin/../lib/gcc/arm-none-eabi/14.2.1/thumb/v8-m.main+fp/softfp\libg.a(libc_a-memcmp.o)
                              CMakeFiles/FreeRTOS_PICO2350.dir/C_/Users/petek/.pico-sdk/sdk/2.1.1/src/rp2_common/pico_atomic/atomic.c.obj (memcmp)
C:/PROGRA~2/ARMGNU~1/14EFD8~1.2RE/bin/../lib/gcc/arm-none-eabi/14.2.1/thumb/v8-m.main+fp/softfp\libg.a(libc_a-memmove.o)
                              C:/PROGRA~2/ARMGNU~1/14EFD8~1.2RE/bin/../lib/gcc/arm-none-eabi/14.2.1/thumb/v8-m.main+fp/softfp\libg.a(libc_a-reallocr.o) (memmove)
C:/PROGRA~2/ARMGNU~1/14EFD8~1.2RE/bin/../lib/gcc/arm-none-eabi/14.2.1/thumb/v8-m.main+fp/softfp\libg.a(libc_a-memset.o)
                              C:/PROGRA~2/ARMGNU~1/14EFD8~1.2RE/bin/../lib/gcc/arm-none-eabi/14.2.1/thumb/v8-m.main+fp/softfp/crt0.o (memset)
C:/PROGRA~2/ARMGNU~1/14EFD8~1.2RE/bin/../lib/gcc/arm-none-eabi/14.2.1/thumb/v8-m.main+fp/softfp\libg.a(libc_a-lcltime_r.o)
[...]
Memory Configuration

Name             Origin             Length             Attributes
FLASH            0x10000000         0x00400000         xr
RAM              0x20000000         0x00080000         xrw
SCRATCH_X        0x20080000         0x00001000         xrw
SCRATCH_Y        0x20081000         0x00001000         xrw
*default*        0x00000000         0xffffffff

Linker script and memory map

LOAD C:/PROGRA~2/ARMGNU~1/14EFD8~1.2RE/bin/../lib/gcc/arm-none-eabi/14.2.1/thumb/v8-m.main+fp/softfp/crti.o
LOAD C:/PROGRA~2/ARMGNU~1/14EFD8~1.2RE/bin/../lib/gcc/arm-none-eabi/14.2.1/thumb/v8-m.main+fp/softfp/crtbegin.o
LOAD C:/PROGRA~2/ARMGNU~1/14EFD8~1.2RE/bin/../lib/gcc/arm-none-eabi/14.2.1/thumb/v8-m.main+fp/softfp/crt0.o

.flash_begin    0x10000000        0x0
                0x10000000                        __flash_binary_start = .

.text           0x10000000     0x77e8
                0x10000000                        __logical_binary_start = .
 *(.vectors)
 .vectors       0x10000000      0x124 CMakeFiles/FreeRTOS_PICO2350.dir/C_/Users/petek/.pico-sdk/sdk/2.1.1/src/rp2_common/pico_crt0/crt0.S.obj
                0x10000000                __VECTOR_TABLE
                0x10000000                __vectors
                0x10000110                __default_isrs_start
                0x10000110                isr_invalid
                0x10000112                isr_nmi
                0x10000114                isr_hardfault
                0x10000116                isr_svcall
                0x10000118                isr_pendsv
                0x1000011a                isr_systick
                0x1000011c                isr_irq31
                0x1000011c                isr_irq5
                0x1000011c                isr_irq11
                0x1000011c                isr_irq32
                0x1000011c                isr_irq23
                0x1000011c                isr_irq48
                0x1000011c                isr_irq35
                0x1000011c                isr_irq18
                0x1000011c                isr_irq50
                0x1000011c                isr_irq27
                0x1000011c                isr_irq40
                0x1000011c                isr_irq28
                0x1000011c                isr_irq19
                0x1000011c                isr_irq36
                0x1000011c                isr_irq41
                0x1000011c                isr_irq0
                0x1000011c                isr_irq6
                0x1000011c                isr_irq45
                0x1000011c                isr_irq12
                0x1000011c                isr_irq37
                0x1000011c                isr_irq42
                0x1000011c                isr_irq22
                0x1000011c                isr_irq43
                0x1000011c                isr_irq17
                0x1000011c                isr_irq38
                0x1000011c                isr_irq14
                0x1000011c                isr_irq13
                0x1000011c                isr_irq2
                0x1000011c                isr_irq10
                0x1000011c                isr_irq8
                0x1000011c                isr_irq24
                0x1000011c                isr_irq46
                0x1000011c                isr_irq1
                0x1000011c                isr_irq47
                0x1000011c                isr_irq51
                0x1000011c                isr_irq7
                0x1000011c                isr_irq21
                0x1000011c                isr_irq39
                0x1000011c                isr_irq20
                0x1000011c                isr_irq15
                0x1000011c                isr_irq25
                0x1000011c                isr_irq34
                0x1000011c                isr_irq49
                0x1000011c                __unhandled_user_irq
                0x1000011c                isr_irq4
                0x1000011c                isr_irq16
                0x1000011c                isr_irq44
                0x1000011c                isr_irq29
                0x1000011c                isr_irq26
                0x1000011c                __default_isrs_end
                0x1000011c                isr_irq33
                0x1000011c                isr_irq3
                0x1000011c                isr_irq30
                0x1000011c                isr_irq9
                0x10000122                unhandled_user_irq_num_in_r0
 *(.binary_info_header)
 .binary_info_header
                0x10000124       0x14 CMakeFiles/FreeRTOS_PICO2350.dir/C_/Users/petek/.pico-sdk/sdk/2.1.1/src/rp2_common/pico_crt0/crt0.S.obj
                0x10000138                        __binary_info_header_end = .
 *(.embedded_block)
 .embedded_block
                0x10000138       0x14 CMakeFiles/FreeRTOS_PICO2350.dir/C_/Users/petek/.pico-sdk/sdk/2.1.1/src/rp2_common/pico_crt0/crt0.S.obj
                0x1000014c                        __embedded_block_end = .
 *(.reset)
 .reset         0x1000014c       0xa0 CMakeFiles/FreeRTOS_PICO2350.dir/C_/Users/petek/.pico-sdk/sdk/2.1.1/src/rp2_common/pico_crt0/crt0.S.obj
                0x1000014c                _entry_point
 *(.init)
 .init          0x100001ec        0x4 C:/PROGRA~2/ARMGNU~1/14EFD8~1.2RE/bin/../lib/gcc/arm-none-eabi/14.2.1/thumb/v8-m.main+fp/softfp/crti.o
                0x100001ec                _init
 *libgcc.a:cmse_nonsecure_call.o()
 *(EXCLUDE_FILE(*libm.a: *libc.a:*lib_a-mem*.o *libgcc.a:) .text*)
 .text.register_tm_clones
                0x100001f0       0x28 C:/PROGRA~2/ARMGNU~1/14EFD8~1.2RE/bin/../lib/gcc/arm-none-eabi/14.2.1/thumb/v8-m.main+fp/softfp/crtbegin.o
 .text.frame_dummy
                0x10000218       0x24 C:/PROGRA~2/ARMGNU~1/14EFD8~1.2RE/bin/../lib/gcc/arm-none-eabi/14.2.1/thumb/v8-m.main+fp/softfp/crtbegin.o
 .text.async_context_freertos_default_config
                0x1000023c       0x14 CMakeFiles/FreeRTOS_PICO2350.dir/C_/Users/petek/Documents/pico/FreeRTOS_PICO2350/src/hello_freertos.c.obj
 .text.pico_set_led
                0x10000250        0x8 CMakeFiles/FreeRTOS_PICO2350.dir/C_/Users/petek/Documents/pico/FreeRTOS_PICO2350/src/hello_freertos.c.obj
 .text.pico_init_led
                0x10000258       0x14 CMakeFiles/FreeRTOS_PICO2350.dir/C_/Users/petek/Documents/pico/FreeRTOS_PICO2350/src/hello_freertos.c.obj
 .text.blink_task
                0x1000026c       0x48 CMakeFiles/FreeRTOS_PICO2350.dir/C_/Users/petek/Documents/pico/FreeRTOS_PICO2350/src/hello_freertos.c.obj
                0x1000026c                blink_task
 .text.async_context_add_at_time_worker_in_ms
                0x100002b4       0x5c CMakeFiles/FreeRTOS_PICO2350.dir/C_/Users/petek/Documents/pico/FreeRTOS_PICO2350/src/hello_freertos.c.obj
 .text.do_work  0x10000310       0x44 CMakeFiles/FreeRTOS_PICO2350.dir/C_/Users/petek/Documents/pico/FreeRTOS_PICO2350/src/hello_freertos.c.obj
 .text.example_async_context
                0x10000354       0x30 CMakeFiles/FreeRTOS_PICO2350.dir/C_/Users/petek/Documents/pico/FreeRTOS_PICO2350/src/hello_freertos.c.obj
 .text.main_task
                0x10000384       0x70 CMakeFiles/FreeRTOS_PICO2350.dir/C_/Users/petek/Documents/pico/FreeRTOS_PICO2350/src/hello_freertos.c.obj
                0x10000384                main_task
 .text.vLaunch  0x100003f4       0x34 CMakeFiles/FreeRTOS_PICO2350.dir/C_/Users/petek/Documents/pico/FreeRTOS_PICO2350/src/hello_freertos.c.obj
                0x100003f4                vLaunch
 .text.main     0x10000428       0x20 CMakeFiles/FreeRTOS_PICO2350.dir/C_/Users/petek/Documents/pico/FreeRTOS_PICO2350/src/hello_freertos.c.obj
                0x10000428                main
 .text.end_task_func
                0x10000448        0xa CMakeFiles/FreeRTOS_PICO2350.dir/C_/Users/petek/.pico-sdk/sdk/2.1.1/src/rp2_common/pico_async_context/async_context_freertos.c.obj
 *fill*         0x10000452        0x2 
 .text.async_context_freertos_acquire_lock_blocking
                0x10000454       0x3c CMakeFiles/FreeRTOS_PICO2350.dir/C_/Users/petek/.pico-sdk/sdk/2.1.1/src/rp2_common/pico_async_context/async_context_freertos.c.obj
 .text.async_context_freertos_lock_check
                0x10000490       0x2c CMakeFiles/FreeRTOS_PICO2350.dir/C_/Users/petek/.pico-sdk/sdk/2.1.1/src/rp2_common/pico_async_context/async_context_freertos.c.obj
 .text.sensible_ticks_until
                0x100004bc       0x6c CMakeFiles/FreeRTOS_PICO2350.dir/C_/Users/petek/.pico-sdk/sdk/2.1.1/src/rp2_common/pico_async_context/async_context_freertos.c.obj
 .text.process_under_lock
                0x10000528       0x50 CMakeFiles/FreeRTOS_PICO2350.dir/C_/Users/petek/.pico-sdk/sdk/2.1.1/src/rp2_common/pico_async_context/async_context_freertos.c.obj
 .text.async_context_freertos_wake_up
                0x10000578       0x58 CMakeFiles/FreeRTOS_PICO2350.dir/C_/Users/petek/.pico-sdk/sdk/2.1.1/src/rp2_common/pico_async_context/async_context_freertos.c.obj
 .text.async_context_freertos_release_lock
                0x100005d0       0x42 CMakeFiles/FreeRTOS_PICO2350.dir/C_/Users/petek/.pico-sdk/sdk/2.1.1/src/rp2_common/pico_async_context/async_context_freertos.c.obj
 .text.async_context_task
                0x10000612       0x3a CMakeFiles/FreeRTOS_PICO2350.dir/C_/Users/petek/.pico-sdk/sdk/2.1.1/src/rp2_common/pico_async_context/async_context_freertos.c.obj
 .text.async_context_freertos_set_work_pending
                0x1000064c        0xc CMakeFiles/FreeRTOS_PICO2350.dir/C_/Users/petek/.pico-sdk/sdk/2.1.1/src/rp2_common/pico_async_context/async_context_freertos.c.obj
 .text.handle_sync_func_call
                0x10000658       0x1a CMakeFiles/FreeRTOS_PICO2350.dir/C_/Users/petek/.pico-sdk/sdk/2.1.1/src/rp2_common/pico_async_context/async_context_freertos.c.obj
 .text.timer_handler
                0x10000672        0xc CMakeFiles/FreeRTOS_PICO2350.dir/C_/Users/petek/.pico-sdk/sdk/2.1.1/src/rp2_common/pico_async_context/async_context_freertos.c.obj
 *fill*         0x1000067e        0x2 
 .text.async_context_freertos_wait_for_work_until
                0x10000680       0x5c CMakeFiles/FreeRTOS_PICO2350.dir/C_/Users/petek/.pico-sdk/sdk/2.1.1/src/rp2_common/pico_async_context/async_context_freertos.c.obj
 .text.async_context_freertos_wait_until
                0x100006dc       0x34 CMakeFiles/FreeRTOS_PICO2350.dir/C_/Users/petek/.pico-sdk/sdk/2.1.1/src/rp2_common/pico_async_context/async_context_freertos.c.obj
 .text.async_context_freertos_remove_when_pending_worker
                0x10000710       0x1e CMakeFiles/FreeRTOS_PICO2350.dir/C_/Users/petek/.pico-sdk/sdk/2.1.1/src/rp2_common/pico_async_context/async_context_freertos.c.obj
 .text.async_context_freertos_add_when_pending_worker
                0x1000072e       0x1e CMakeFiles/FreeRTOS_PICO2350.dir/C_/Users/petek/.pico-sdk/sdk/2.1.1/src/rp2_common/pico_async_context/async_context_freertos.c.obj
 .text.async_context_freertos_remove_at_time_worker
                0x1000074c       0x1e CMakeFiles/FreeRTOS_PICO2350.dir/C_/Users/petek/.pico-sdk/sdk/2.1.1/src/rp2_common/pico_async_context/async_context_freertos.c.obj
 .text.async_context_freertos_add_at_time_worker
                0x1000076a       0x1e CMakeFiles/FreeRTOS_PICO2350.dir/C_/Users/petek/.pico-sdk/sdk/2.1.1/src/rp2_common/pico_async_context/async_context_freertos.c.obj
 .text.async_context_freertos_deinit
                0x10000788       0x48 CMakeFiles/FreeRTOS_PICO2350.dir/C_/Users/petek/.pico-sdk/sdk/2.1.1/src/rp2_common/pico_async_context/async_context_freertos.c.obj
                0x10000788                async_context_freertos_deinit
 .text.async_context_freertos_execute_sync
                0x100007d0       0x88 CMakeFiles/FreeRTOS_PICO2350.dir/C_/Users/petek/.pico-sdk/sdk/2.1.1/src/rp2_common/pico_async_context/async_context_freertos.c.obj
                0x100007d0                async_context_freertos_execute_sync
 .text.async_context_freertos_init
                0x10000858       0xb0 CMakeFiles/FreeRTOS_PICO2350.dir/C_/Users/petek/.pico-sdk/sdk/2.1.1/src/rp2_common/pico_async_context/async_context_freertos.c.obj
                0x10000858                async_context_freertos_init
 .text.async_context_base_add_at_time_worker
                0x10000908       0x20 CMakeFiles/FreeRTOS_PICO2350.dir/C_/Users/petek/.pico-sdk/sdk/2.1.1/src/rp2_common/pico_async_context/async_context_base.c.obj
                0x10000908                async_context_base_add_at_time_worker
 .text.async_context_base_remove_at_time_worker
                0x10000928       0x20 CMakeFiles/FreeRTOS_PICO2350.dir/C_/Users/petek/.pico-sdk/sdk/2.1.1/src/rp2_common/pico_async_context/async_context_base.c.obj
                0x10000928                async_context_base_remove_at_time_worker
 .text.async_context_base_add_when_pending_worker
                0x10000948       0x1e CMakeFiles/FreeRTOS_PICO2350.dir/C_/Users/petek/.pico-sdk/sdk/2.1.1/src/rp2_common/pico_async_context/async_context_base.c.obj
                0x10000948                async_context_base_add_when_pending_worker
 .text.async_context_base_remove_when_pending_worker
                0x10000966       0x1e CMakeFiles/FreeRTOS_PICO2350.dir/C_/Users/petek/.pico-sdk/sdk/2.1.1/src/rp2_common/pico_async_context/async_context_base.c.obj
                0x10000966                async_context_base_remove_when_pending_worker
 .text.async_context_base_remove_ready_at_time_worker
                0x10000984       0x70 CMakeFiles/FreeRTOS_PICO2350.dir/C_/Users/petek/.pico-sdk/sdk/2.1.1/src/rp2_common/pico_async_context/async_context_base.c.obj
                0x10000984                async_context_base_remove_ready_at_time_worker
 .text.async_context_base_refresh_next_timeout
                0x100009f4       0x3c CMakeFiles/FreeRTOS_PICO2350.dir/C_/Users/petek/.pico-sdk/sdk/2.1.1/src/rp2_common/pico_async_context/async_context_base.c.obj
                0x100009f4                async_context_base_refresh_next_timeout
 .text.async_context_base_execute_once
                0x10000a30       0x40 CMakeFiles/FreeRTOS_PICO2350.dir/C_/Users/petek/.pico-sdk/sdk/2.1.1/src/rp2_common/pico_async_context/async_context_base.c.obj
                0x10000a30                async_context_base_execute_once
 .text.panic    0x10000a70       0x30 CMakeFiles/FreeRTOS_PICO2350.dir/C_/Users/petek/.pico-sdk/sdk/2.1.1/src/rp2_common/pico_platform_panic/panic.c.obj
                0x10000a70                panic
 .text.prvHeapInit
                0x10000aa0       0x58 CMakeFiles/FreeRTOS_PICO2350.dir/C_/Users/petek/Documents/pico/FreeRTOS_PICO2350/src/FreeRTOS/portable/MemMang/heap_4.c.obj
 .text.prvInsertBlockIntoFreeList
                0x10000af8       0x8c CMakeFiles/FreeRTOS_PICO2350.dir/C_/Users/petek/Documents/pico/FreeRTOS_PICO2350/src/FreeRTOS/portable/MemMang/heap_4.c.obj
 .text.pvPortMalloc
                0x10000b84      0x17c CMakeFiles/FreeRTOS_PICO2350.dir/C_/Users/petek/Documents/pico/FreeRTOS_PICO2350/src/FreeRTOS/portable/MemMang/heap_4.c.obj
                0x10000b84                pvPortMalloc
 .text.vPortFree
                0x10000d00       0xa4 CMakeFiles/FreeRTOS_PICO2350.dir/C_/Users/petek/Documents/pico/FreeRTOS_PICO2350/src/FreeRTOS/portable/MemMang/heap_4.c.obj
                0x10000d00                vPortFree
 .text.prvSetupFPU
                0x10000da4       0x1e CMakeFiles/FreeRTOS_PICO2350.dir/C_/Users/petek/Documents/pico/FreeRTOS_PICO2350/src/FreeRTOS/portable/ThirdParty/GCC/RP2350_ARM_NTZ/non_secure/port.c.obj
 *fill*         0x10000dc2        0x2 
 .text.prvDoorbellInterruptHandler
                0x10000dc4       0x34 CMakeFiles/FreeRTOS_PICO2350.dir/C_/Users/petek/Documents/pico/FreeRTOS_PICO2350/src/FreeRTOS/portable/ThirdParty/GCC/RP2350_ARM_NTZ/non_secure/port.c.obj
 .text.prvTaskExitError
                0x10000df8       0x48 CMakeFiles/FreeRTOS_PICO2350.dir/C_/Users/petek/Documents/pico/FreeRTOS_PICO2350/src/FreeRTOS/portable/ThirdParty/GCC/RP2350_ARM_NTZ/non_secure/port.c.obj
 .text.SysTick_Handler
                0x10000e40       0x22 CMakeFiles/FreeRTOS_PICO2350.dir/C_/Users/petek/Documents/pico/FreeRTOS_PICO2350/src/FreeRTOS/portable/ThirdParty/GCC/RP2350_ARM_NTZ/non_secure/port.c.obj
                0x10000e40                SysTick_Handler
 .text.prvGetTicksToWaitBefore
                0x10000e62       0x34 CMakeFiles/FreeRTOS_PICO2350.dir/C_/Users/petek/Documents/pico/FreeRTOS_PICO2350/src/FreeRTOS/portable/ThirdParty/GCC/RP2350_ARM_NTZ/non_secure/port.c.obj
 *fill*         0x10000e96        0x2 
 .text.vPortSetupTimerInterrupt
                0x10000e98       0x2c CMakeFiles/FreeRTOS_PICO2350.dir/C_/Users/petek/Documents/pico/FreeRTOS_PICO2350/src/FreeRTOS/portable/ThirdParty/GCC/RP2350_ARM_NTZ/non_secure/port.c.obj
                0x10000e98                vPortSetupTimerInterrupt
 .text.xPortStartSchedulerOnCore
                0x10000ec4      0x150 CMakeFiles/FreeRTOS_PICO2350.dir/C_/Users/petek/Documents/pico/FreeRTOS_PICO2350/src/FreeRTOS/portable/ThirdParty/GCC/RP2350_ARM_NTZ/non_secure/port.c.obj
 .text.prvDisableInterruptsAndPortStartSchedulerOnCore
                0x10001014        0xc CMakeFiles/FreeRTOS_PICO2350.dir/C_/Users/petek/Documents/pico/FreeRTOS_PICO2350/src/FreeRTOS/portable/ThirdParty/GCC/RP2350_ARM_NTZ/non_secure/port.c.obj
 .text.vPortYield
                0x10001020       0x16 CMakeFiles/FreeRTOS_PICO2350.dir/C_/Users/petek/Documents/pico/FreeRTOS_PICO2350/src/FreeRTOS/portable/ThirdParty/GCC/RP2350_ARM_NTZ/non_secure/port.c.obj
                0x10001020                vPortYield
 *fill*         0x10001036        0x2 
 .text.vPortSVCHandler_C
                0x10001038       0x30 CMakeFiles/FreeRTOS_PICO2350.dir/C_/Users/petek/Documents/pico/FreeRTOS_PICO2350/src/FreeRTOS/portable/ThirdParty/GCC/RP2350_ARM_NTZ/non_secure/port.c.obj
                0x10001038                vPortSVCHandler_C
 .text.pxPortInitialiseStack
                0x10001068       0x90 CMakeFiles/FreeRTOS_PICO2350.dir/C_/Users/petek/Documents/pico/FreeRTOS_PICO2350/src/FreeRTOS/portable/ThirdParty/GCC/RP2350_ARM_NTZ/non_secure/port.c.obj
                0x10001068                pxPortInitialiseStack
 .text.xPortStartScheduler
                0x100010f8       0x84 CMakeFiles/FreeRTOS_PICO2350.dir/C_/Users/petek/Documents/pico/FreeRTOS_PICO2350/src/FreeRTOS/portable/ThirdParty/GCC/RP2350_ARM_NTZ/non_secure/port.c.obj
                0x100010f8                xPortStartScheduler
 .text.vPortValidateInterruptPriority
                0x1000117c       0x64 CMakeFiles/FreeRTOS_PICO2350.dir/C_/Users/petek/Documents/pico/FreeRTOS_PICO2350/src/FreeRTOS/portable/ThirdParty/GCC/RP2350_ARM_NTZ/non_secure/port.c.obj
                0x1000117c                vPortValidateInterruptPriority
 .text.ulPortLockGetCurrentOwnerId
                0x100011e0       0x30 CMakeFiles/FreeRTOS_PICO2350.dir/C_/Users/petek/Documents/pico/FreeRTOS_PICO2350/src/FreeRTOS/portable/ThirdParty/GCC/RP2350_ARM_NTZ/non_secure/port.c.obj
                0x100011e0                ulPortLockGetCurrentOwnerId
 .text.vPortLockInternalSpinUnlockWithNotify
                0x10001210       0x90 CMakeFiles/FreeRTOS_PICO2350.dir/C_/Users/petek/Documents/pico/FreeRTOS_PICO2350/src/FreeRTOS/portable/ThirdParty/GCC/RP2350_ARM_NTZ/non_secure/port.c.obj
                0x10001210                vPortLockInternalSpinUnlockWithNotify
 .text.xPortLockInternalSpinUnlockWithBestEffortWaitOrTimeout
                0x100012a0       0xec CMakeFiles/FreeRTOS_PICO2350.dir/C_/Users/petek/Documents/pico/FreeRTOS_PICO2350/src/FreeRTOS/portable/ThirdParty/GCC/RP2350_ARM_NTZ/non_secure/port.c.obj
                0x100012a0                xPortLockInternalSpinUnlockWithBestEffortWaitOrTimeout
 .text.prvRuntimeInitializer
                0x1000138c       0x10 CMakeFiles/FreeRTOS_PICO2350.dir/C_/Users/petek/Documents/pico/FreeRTOS_PICO2350/src/FreeRTOS/portable/ThirdParty/GCC/RP2350_ARM_NTZ/non_secure/port.c.obj
 .text.vYieldCore
                0x1000139c       0x54 CMakeFiles/FreeRTOS_PICO2350.dir/C_/Users/petek/Documents/pico/FreeRTOS_PICO2350/src/FreeRTOS/portable/ThirdParty/GCC/RP2350_ARM_NTZ/non_secure/port.c.obj
                0x1000139c                vYieldCore
 .text.vRestoreContextOfFirstTask
                0x100013f0       0x38 CMakeFiles/FreeRTOS_PICO2350.dir/C_/Users/petek/Documents/pico/FreeRTOS_PICO2350/src/FreeRTOS/portable/ThirdParty/GCC/RP2350_ARM_NTZ/non_secure/portasm.c.obj
                0x100013f0                vRestoreContextOfFirstTask
 .text.vStartFirstTask
                0x10001428       0x10 CMakeFiles/FreeRTOS_PICO2350.dir/C_/Users/petek/Documents/pico/FreeRTOS_PICO2350/src/FreeRTOS/portable/ThirdParty/GCC/RP2350_ARM_NTZ/non_secure/portasm.c.obj
                0x10001428                vStartFirstTask
 .text.ulSetInterruptMask
                0x10001438       0x16 CMakeFiles/FreeRTOS_PICO2350.dir/C_/Users/petek/Documents/pico/FreeRTOS_PICO2350/src/FreeRTOS/portable/ThirdParty/GCC/RP2350_ARM_NTZ/non_secure/portasm.c.obj
                0x10001438                ulSetInterruptMask
 .text.vClearInterruptMask
                0x1000144e        0xe CMakeFiles/FreeRTOS_PICO2350.dir/C_/Users/petek/Documents/pico/FreeRTOS_PICO2350/src/FreeRTOS/portable/ThirdParty/GCC/RP2350_ARM_NTZ/non_secure/portasm.c.obj
                0x1000144e                vClearInterruptMask
 *fill*         0x1000145c        0x4 
 .text.PendSV_Handler
                0x10001460       0x98 CMakeFiles/FreeRTOS_PICO2350.dir/C_/Users/petek/Documents/pico/FreeRTOS_PICO2350/src/FreeRTOS/portable/ThirdParty/GCC/RP2350_ARM_NTZ/non_secure/portasm.c.obj
                0x10001460                PendSV_Handler
 .text.SVC_Handler
                0x100014f8       0x18 CMakeFiles/FreeRTOS_PICO2350.dir/C_/Users/petek/Documents/pico/FreeRTOS_PICO2350/src/FreeRTOS/portable/ThirdParty/GCC/RP2350_ARM_NTZ/non_secure/portasm.c.obj
                0x100014f8                SVC_Handler
 .text.prvTestWaitCondition
                0x10001510       0x1a CMakeFiles/FreeRTOS_PICO2350.dir/C_/Users/petek/Documents/pico/FreeRTOS_PICO2350/src/FreeRTOS/event_groups.c.obj
 .text.xEventGroupCreate
                0x1000152a       0x1a CMakeFiles/FreeRTOS_PICO2350.dir/C_/Users/petek/Documents/pico/FreeRTOS_PICO2350/src/FreeRTOS/event_groups.c.obj
                0x1000152a                xEventGroupCreate
 .text.xEventGroupWaitBits
                0x10001544      0x114 CMakeFiles/FreeRTOS_PICO2350.dir/C_/Users/petek/Documents/pico/FreeRTOS_PICO2350/src/FreeRTOS/event_groups.c.obj
                0x10001544                xEventGroupWaitBits
 .text.xEventGroupSetBits
                0x10001658       0x98 CMakeFiles/FreeRTOS_PICO2350.dir/C_/Users/petek/Documents/pico/FreeRTOS_PICO2350/src/FreeRTOS/event_groups.c.obj
                0x10001658                xEventGroupSetBits
 .text.vEventGroupSetBitsCallback
                0x100016f0        0x8 CMakeFiles/FreeRTOS_PICO2350.dir/C_/Users/petek/Documents/pico/FreeRTOS_PICO2350/src/FreeRTOS/event_groups.c.obj
                0x100016f0                vEventGroupSetBitsCallback
 .text.xEventGroupSetBitsFromISR
                0x100016f8       0x14 CMakeFiles/FreeRTOS_PICO2350.dir/C_/Users/petek/Documents/pico/FreeRTOS_PICO2350/src/FreeRTOS/event_groups.c.obj
                0x100016f8                xEventGroupSetBitsFromISR
 .text.vListInitialise
                0x1000170c       0x16 CMakeFiles/FreeRTOS_PICO2350.dir/C_/Users/petek/Documents/pico/FreeRTOS_PICO2350/src/FreeRTOS/list.c.obj
                0x1000170c                vListInitialise
 .text.vListInitialiseItem
                0x10001722        0x6 CMakeFiles/FreeRTOS_PICO2350.dir/C_/Users/petek/Documents/pico/FreeRTOS_PICO2350/src/FreeRTOS/list.c.obj
                0x10001722                vListInitialiseItem
 .text.vListInsertEnd
                0x10001728       0x16 CMakeFiles/FreeRTOS_PICO2350.dir/C_/Users/petek/Documents/pico/FreeRTOS_PICO2350/src/FreeRTOS/list.c.obj
                0x10001728                vListInsertEnd
 .text.vListInsert
                0x1000173e       0x32 CMakeFiles/FreeRTOS_PICO2350.dir/C_/Users/petek/Documents/pico/FreeRTOS_PICO2350/src/FreeRTOS/list.c.obj
                0x1000173e                vListInsert
 .text.uxListRemove
                0x10001770       0x24 CMakeFiles/FreeRTOS_PICO2350.dir/C_/Users/petek/Documents/pico/FreeRTOS_PICO2350/src/FreeRTOS/list.c.obj
                0x10001770                uxListRemove
 .text.prvGetDisinheritPriorityAfterTimeout
                0x10001794       0x10 CMakeFiles/FreeRTOS_PICO2350.dir/C_/Users/petek/Documents/pico/FreeRTOS_PICO2350/src/FreeRTOS/queue.c.obj
 .text.prvIsQueueFull
                0x100017a4       0x1e CMakeFiles/FreeRTOS_PICO2350.dir/C_/Users/petek/Documents/pico/FreeRTOS_PICO2350/src/FreeRTOS/queue.c.obj
 .text.prvIsQueueEmpty
                0x100017c2       0x1a CMakeFiles/FreeRTOS_PICO2350.dir/C_/Users/petek/Documents/pico/FreeRTOS_PICO2350/src/FreeRTOS/queue.c.obj
 .text.prvCopyDataToQueue
                0x100017dc       0x76 CMakeFiles/FreeRTOS_PICO2350.dir/C_/Users/petek/Documents/pico/FreeRTOS_PICO2350/src/FreeRTOS/queue.c.obj
 .text.prvCopyDataFromQueue
                0x10001852       0x24 CMakeFiles/FreeRTOS_PICO2350.dir/C_/Users/petek/Documents/pico/FreeRTOS_PICO2350/src/FreeRTOS/queue.c.obj
 *fill*         0x10001876        0x2 
 .text.prvNotifyQueueSetContainer
                0x10001878       0xa4 CMakeFiles/FreeRTOS_PICO2350.dir/C_/Users/petek/Documents/pico/FreeRTOS_PICO2350/src/FreeRTOS/queue.c.obj
 .text.prvUnlockQueue
                0x1000191c       0x82 CMakeFiles/FreeRTOS_PICO2350.dir/C_/Users/petek/Documents/pico/FreeRTOS_PICO2350/src/FreeRTOS/queue.c.obj
 *fill*         0x1000199e        0x2 
 .text.xQueueGenericReset
                0x100019a0       0xa8 CMakeFiles/FreeRTOS_PICO2350.dir/C_/Users/petek/Documents/pico/FreeRTOS_PICO2350/src/FreeRTOS/queue.c.obj
                0x100019a0                xQueueGenericReset
 .text.prvInitialiseNewQueue
                0x10001a48       0x26 CMakeFiles/FreeRTOS_PICO2350.dir/C_/Users/petek/Documents/pico/FreeRTOS_PICO2350/src/FreeRTOS/queue.c.obj
 *fill*         0x10001a6e        0x2 
 .text.xQueueGenericCreate
                0x10001a70       0x60 CMakeFiles/FreeRTOS_PICO2350.dir/C_/Users/petek/Documents/pico/FreeRTOS_PICO2350/src/FreeRTOS/queue.c.obj
                0x10001a70                xQueueGenericCreate
 .text.xQueueGetMutexHolder
                0x10001ad0       0x38 CMakeFiles/FreeRTOS_PICO2350.dir/C_/Users/petek/Documents/pico/FreeRTOS_PICO2350/src/FreeRTOS/queue.c.obj
                0x10001ad0                xQueueGetMutexHolder
 .text.xQueueGenericSend
                0x10001b08      0x180 CMakeFiles/FreeRTOS_PICO2350.dir/C_/Users/petek/Documents/pico/FreeRTOS_PICO2350/src/FreeRTOS/queue.c.obj
                0x10001b08                xQueueGenericSend
 .text.prvInitialiseMutex
                0x10001c88       0x18 CMakeFiles/FreeRTOS_PICO2350.dir/C_/Users/petek/Documents/pico/FreeRTOS_PICO2350/src/FreeRTOS/queue.c.obj
 .text.xQueueCreateMutex
                0x10001ca0       0x16 CMakeFiles/FreeRTOS_PICO2350.dir/C_/Users/petek/Documents/pico/FreeRTOS_PICO2350/src/FreeRTOS/queue.c.obj
                0x10001ca0                xQueueCreateMutex
 *fill*         0x10001cb6        0x2 
 .text.xQueueGiveMutexRecursive
                0x10001cb8       0x48 CMakeFiles/FreeRTOS_PICO2350.dir/C_/Users/petek/Documents/pico/FreeRTOS_PICO2350/src/FreeRTOS/queue.c.obj
                0x10001cb8                xQueueGiveMutexRecursive
 .text.xQueueGenericSendFromISR
                0x10001d00      0x12c CMakeFiles/FreeRTOS_PICO2350.dir/C_/Users/petek/Documents/pico/FreeRTOS_PICO2350/src/FreeRTOS/queue.c.obj
                0x10001d00                xQueueGenericSendFromISR
 .text.xQueueGiveFromISR
                0x10001e2c       0xf4 CMakeFiles/FreeRTOS_PICO2350.dir/C_/Users/petek/Documents/pico/FreeRTOS_PICO2350/src/FreeRTOS/queue.c.obj
                0x10001e2c                xQueueGiveFromISR
 .text.xQueueReceive
                0x10001f20      0x148 CMakeFiles/FreeRTOS_PICO2350.dir/C_/Users/petek/Documents/pico/FreeRTOS_PICO2350/src/FreeRTOS/queue.c.obj
                0x10001f20                xQueueReceive
 .text.xQueueSemaphoreTake
                0x10002068      0x17c CMakeFiles/FreeRTOS_PICO2350.dir/C_/Users/petek/Documents/pico/FreeRTOS_PICO2350/src/FreeRTOS/queue.c.obj
                0x10002068                xQueueSemaphoreTake
 .text.xQueueTakeMutexRecursive
                0x100021e4       0x48 CMakeFiles/FreeRTOS_PICO2350.dir/C_/Users/petek/Documents/pico/FreeRTOS_PICO2350/src/FreeRTOS/queue.c.obj
                0x100021e4                xQueueTakeMutexRecursive
 .text.vQueueAddToRegistry
                0x1000222c       0x64 CMakeFiles/FreeRTOS_PICO2350.dir/C_/Users/petek/Documents/pico/FreeRTOS_PICO2350/src/FreeRTOS/queue.c.obj
                0x1000222c                vQueueAddToRegistry
 .text.vQueueUnregisterQueue
                0x10002290       0x4c CMakeFiles/FreeRTOS_PICO2350.dir/C_/Users/petek/Documents/pico/FreeRTOS_PICO2350/src/FreeRTOS/queue.c.obj
                0x10002290                vQueueUnregisterQueue
 .text.vQueueDelete
                0x100022dc       0x2c CMakeFiles/FreeRTOS_PICO2350.dir/C_/Users/petek/Documents/pico/FreeRTOS_PICO2350/src/FreeRTOS/queue.c.obj
                0x100022dc                vQueueDelete
 .text.vQueueWaitForMessageRestricted
                0x10002308       0x52 CMakeFiles/FreeRTOS_PICO2350.dir/C_/Users/petek/Documents/pico/FreeRTOS_PICO2350/src/FreeRTOS/queue.c.obj
                0x10002308                vQueueWaitForMessageRestricted
 *fill*         0x1000235a        0x2 
 .text.prvResetNextTaskUnblockTime
                0x1000235c       0x28 CMakeFiles/FreeRTOS_PICO2350.dir/C_/Users/petek/Documents/pico/FreeRTOS_PICO2350/src/FreeRTOS/tasks.c.obj
 .text.prvDeleteTCB
                0x10002384       0x12 CMakeFiles/FreeRTOS_PICO2350.dir/C_/Users/petek/Documents/pico/FreeRTOS_PICO2350/src/FreeRTOS/tasks.c.obj
 *fill*         0x10002396        0x2 
 .text.vPortRecursiveLock
                0x10002398       0xfc CMakeFiles/FreeRTOS_PICO2350.dir/C_/Users/petek/Documents/pico/FreeRTOS_PICO2350/src/FreeRTOS/tasks.c.obj
 .text.prvInitialiseNewTask
                0x10002494       0xd0 CMakeFiles/FreeRTOS_PICO2350.dir/C_/Users/petek/Documents/pico/FreeRTOS_PICO2350/src/FreeRTOS/tasks.c.obj
 .text.prvCreateTask
                0x10002564       0x5c CMakeFiles/FreeRTOS_PICO2350.dir/C_/Users/petek/Documents/pico/FreeRTOS_PICO2350/src/FreeRTOS/tasks.c.obj
 .text.prvPassiveIdleTask
                0x100025c0       0x18 CMakeFiles/FreeRTOS_PICO2350.dir/C_/Users/petek/Documents/pico/FreeRTOS_PICO2350/src/FreeRTOS/tasks.c.obj
 .text.prvInitialiseTaskLists
                0x100025d8       0x68 CMakeFiles/FreeRTOS_PICO2350.dir/C_/Users/petek/Documents/pico/FreeRTOS_PICO2350/src/FreeRTOS/tasks.c.obj
 .text.prvYieldForTask
                0x10002640       0xd8 CMakeFiles/FreeRTOS_PICO2350.dir/C_/Users/petek/Documents/pico/FreeRTOS_PICO2350/src/FreeRTOS/tasks.c.obj
 .text.prvSelectHighestPriorityTask
                0x10002718      0x22c CMakeFiles/FreeRTOS_PICO2350.dir/C_/Users/petek/Documents/pico/FreeRTOS_PICO2350/src/FreeRTOS/tasks.c.obj
 .text.prvCheckForRunStateChange
                0x10002944       0xb0 CMakeFiles/FreeRTOS_PICO2350.dir/C_/Users/petek/Documents/pico/FreeRTOS_PICO2350/src/FreeRTOS/tasks.c.obj
 .text.vTaskSuspendAll
                0x100029f4       0x88 CMakeFiles/FreeRTOS_PICO2350.dir/C_/Users/petek/Documents/pico/FreeRTOS_PICO2350/src/FreeRTOS/tasks.c.obj
                0x100029f4                vTaskSuspendAll
 .text.xTaskGetTickCount
                0x10002a7c        0xc CMakeFiles/FreeRTOS_PICO2350.dir/C_/Users/petek/Documents/pico/FreeRTOS_PICO2350/src/FreeRTOS/tasks.c.obj
                0x10002a7c                xTaskGetTickCount
 .text.uxTaskGetNumberOfTasks
                0x10002a88        0xc CMakeFiles/FreeRTOS_PICO2350.dir/C_/Users/petek/Documents/pico/FreeRTOS_PICO2350/src/FreeRTOS/tasks.c.obj
                0x10002a88                uxTaskGetNumberOfTasks
 .text.xTaskIncrementTick
                0x10002a94      0x1e8 CMakeFiles/FreeRTOS_PICO2350.dir/C_/Users/petek/Documents/pico/FreeRTOS_PICO2350/src/FreeRTOS/tasks.c.obj
                0x10002a94                xTaskIncrementTick
 .text.vTaskSwitchContext
                0x10002c7c       0x9c CMakeFiles/FreeRTOS_PICO2350.dir/C_/Users/petek/Documents/pico/FreeRTOS_PICO2350/src/FreeRTOS/tasks.c.obj
                0x10002c7c                vTaskSwitchContext
 .text.xTaskRemoveFromEventList
                0x10002d18       0xf8 CMakeFiles/FreeRTOS_PICO2350.dir/C_/Users/petek/Documents/pico/FreeRTOS_PICO2350/src/FreeRTOS/tasks.c.obj
                0x10002d18                xTaskRemoveFromEventList
 .text.vTaskInternalSetTimeOutState
                0x10002e10       0x18 CMakeFiles/FreeRTOS_PICO2350.dir/C_/Users/petek/Documents/pico/FreeRTOS_PICO2350/src/FreeRTOS/tasks.c.obj
                0x10002e10                vTaskInternalSetTimeOutState
 .text.vTaskMissedYield
                0x10002e28       0x14 CMakeFiles/FreeRTOS_PICO2350.dir/C_/Users/petek/Documents/pico/FreeRTOS_PICO2350/src/FreeRTOS/tasks.c.obj
                0x10002e28                vTaskMissedYield
 .text.xTaskGetCurrentTaskHandle
                0x10002e3c       0x20 CMakeFiles/FreeRTOS_PICO2350.dir/C_/Users/petek/Documents/pico/FreeRTOS_PICO2350/src/FreeRTOS/tasks.c.obj
                0x10002e3c                xTaskGetCurrentTaskHandle
 .text.prvAddCurrentTaskToDelayedList
                0x10002e5c       0xb4 CMakeFiles/FreeRTOS_PICO2350.dir/C_/Users/petek/Documents/pico/FreeRTOS_PICO2350/src/FreeRTOS/tasks.c.obj
 .text.vTaskPlaceOnEventList
                0x10002f10       0x3c CMakeFiles/FreeRTOS_PICO2350.dir/C_/Users/petek/Documents/pico/FreeRTOS_PICO2350/src/FreeRTOS/tasks.c.obj
                0x10002f10                vTaskPlaceOnEventList
 .text.vTaskPlaceOnUnorderedEventList
                0x10002f4c       0x84 CMakeFiles/FreeRTOS_PICO2350.dir/C_/Users/petek/Documents/pico/FreeRTOS_PICO2350/src/FreeRTOS/tasks.c.obj
                0x10002f4c                vTaskPlaceOnUnorderedEventList
 .text.vTaskPlaceOnEventListRestricted
                0x10002fd0       0x64 CMakeFiles/FreeRTOS_PICO2350.dir/C_/Users/petek/Documents/pico/FreeRTOS_PICO2350/src/FreeRTOS/tasks.c.obj
                0x10002fd0                vTaskPlaceOnEventListRestricted
 .text.xTaskPriorityInherit
                0x10003034       0xd0 CMakeFiles/FreeRTOS_PICO2350.dir/C_/Users/petek/Documents/pico/FreeRTOS_PICO2350/src/FreeRTOS/tasks.c.obj
                0x10003034                xTaskPriorityInherit
 .text.xTaskPriorityDisinherit
                0x10003104      0x114 CMakeFiles/FreeRTOS_PICO2350.dir/C_/Users/petek/Documents/pico/FreeRTOS_PICO2350/src/FreeRTOS/tasks.c.obj
                0x10003104                xTaskPriorityDisinherit
 .text.vTaskPriorityDisinheritAfterTimeout
                0x10003218      0x118 CMakeFiles/FreeRTOS_PICO2350.dir/C_/Users/petek/Documents/pico/FreeRTOS_PICO2350/src/FreeRTOS/tasks.c.obj
                0x10003218                vTaskPriorityDisinheritAfterTimeout
 .text.vTaskYieldWithinAPI
                0x10003330       0x28 CMakeFiles/FreeRTOS_PICO2350.dir/C_/Users/petek/Documents/pico/FreeRTOS_PICO2350/src/FreeRTOS/tasks.c.obj
                0x10003330                vTaskYieldWithinAPI
 .text.vTaskEnterCritical
                0x10003358       0x70 CMakeFiles/FreeRTOS_PICO2350.dir/C_/Users/petek/Documents/pico/FreeRTOS_PICO2350/src/FreeRTOS/tasks.c.obj
                0x10003358                vTaskEnterCritical
 .text.vTaskEnterCriticalFromISR
                0x100033c8       0x50 CMakeFiles/FreeRTOS_PICO2350.dir/C_/Users/petek/Documents/pico/FreeRTOS_PICO2350/src/FreeRTOS/tasks.c.obj
                0x100033c8                vTaskEnterCriticalFromISR
 .text.vTaskExitCritical
                0x10003418       0x90 CMakeFiles/FreeRTOS_PICO2350.dir/C_/Users/petek/Documents/pico/FreeRTOS_PICO2350/src/FreeRTOS/tasks.c.obj
                0x10003418                vTaskExitCritical
 .text.prvCheckTasksWaitingTermination
                0x100034a8       0x68 CMakeFiles/FreeRTOS_PICO2350.dir/C_/Users/petek/Documents/pico/FreeRTOS_PICO2350/src/FreeRTOS/tasks.c.obj
 .text.prvIdleTask
                0x10003510       0x1c CMakeFiles/FreeRTOS_PICO2350.dir/C_/Users/petek/Documents/pico/FreeRTOS_PICO2350/src/FreeRTOS/tasks.c.obj
 .text.prvAddNewTaskToReadyList
                0x1000352c       0x98 CMakeFiles/FreeRTOS_PICO2350.dir/C_/Users/petek/Documents/pico/FreeRTOS_PICO2350/src/FreeRTOS/tasks.c.obj
 .text.xTaskCreate
                0x100035c4       0x28 CMakeFiles/FreeRTOS_PICO2350.dir/C_/Users/petek/Documents/pico/FreeRTOS_PICO2350/src/FreeRTOS/tasks.c.obj
                0x100035c4                xTaskCreate
 .text.prvCreateIdleTasks
                0x100035ec       0x9c CMakeFiles/FreeRTOS_PICO2350.dir/C_/Users/petek/Documents/pico/FreeRTOS_PICO2350/src/FreeRTOS/tasks.c.obj
 .text.vTaskStartScheduler
                0x10003688       0x68 CMakeFiles/FreeRTOS_PICO2350.dir/C_/Users/petek/Documents/pico/FreeRTOS_PICO2350/src/FreeRTOS/tasks.c.obj
                0x10003688                vTaskStartScheduler
 .text.xTaskCreateAffinitySet
                0x100036f0       0x26 CMakeFiles/FreeRTOS_PICO2350.dir/C_/Users/petek/Documents/pico/FreeRTOS_PICO2350/src/FreeRTOS/tasks.c.obj
                0x100036f0                xTaskCreateAffinitySet
 *fill*         0x10003716        0x2 
 .text.vTaskDelete
                0x10003718      0x124 CMakeFiles/FreeRTOS_PICO2350.dir/C_/Users/petek/Documents/pico/FreeRTOS_PICO2350/src/FreeRTOS/tasks.c.obj
                0x10003718                vTaskDelete
 .text.vTaskCoreAffinitySet
                0x1000383c       0x90 CMakeFiles/FreeRTOS_PICO2350.dir/C_/Users/petek/Documents/pico/FreeRTOS_PICO2350/src/FreeRTOS/tasks.c.obj
                0x1000383c                vTaskCoreAffinitySet
 .text.xTaskResumeAll
                0x100038cc      0x15c CMakeFiles/FreeRTOS_PICO2350.dir/C_/Users/petek/Documents/pico/FreeRTOS_PICO2350/src/FreeRTOS/tasks.c.obj
                0x100038cc                xTaskResumeAll
 .text.vTaskDelay
                0x10003a28       0x44 CMakeFiles/FreeRTOS_PICO2350.dir/C_/Users/petek/Documents/pico/FreeRTOS_PICO2350/src/FreeRTOS/tasks.c.obj
                0x10003a28                vTaskDelay
 .text.vTaskRemoveFromUnorderedEventList
                0x10003a6c       0xe4 CMakeFiles/FreeRTOS_PICO2350.dir/C_/Users/petek/Documents/pico/FreeRTOS_PICO2350/src/FreeRTOS/tasks.c.obj
                0x10003a6c                vTaskRemoveFromUnorderedEventList
 .text.xTaskCheckForTimeOut
                0x10003b50       0xb0 CMakeFiles/FreeRTOS_PICO2350.dir/C_/Users/petek/Documents/pico/FreeRTOS_PICO2350/src/FreeRTOS/tasks.c.obj
                0x10003b50                xTaskCheckForTimeOut
 .text.xTaskGetSchedulerState
                0x10003c00       0x2c CMakeFiles/FreeRTOS_PICO2350.dir/C_/Users/petek/Documents/pico/FreeRTOS_PICO2350/src/FreeRTOS/tasks.c.obj
                0x10003c00                xTaskGetSchedulerState
 .text.vTaskExitCriticalFromISR
                0x10003c2c       0x74 CMakeFiles/FreeRTOS_PICO2350.dir/C_/Users/petek/Documents/pico/FreeRTOS_PICO2350/src/FreeRTOS/tasks.c.obj
                0x10003c2c                vTaskExitCriticalFromISR
 .text.uxTaskResetEventItemValue
                0x10003ca0       0x1c CMakeFiles/FreeRTOS_PICO2350.dir/C_/Users/petek/Documents/pico/FreeRTOS_PICO2350/src/FreeRTOS/tasks.c.obj
                0x10003ca0                uxTaskResetEventItemValue
 .text.pvTaskIncrementMutexHeldCount
                0x10003cbc       0x14 CMakeFiles/FreeRTOS_PICO2350.dir/C_/Users/petek/Documents/pico/FreeRTOS_PICO2350/src/FreeRTOS/tasks.c.obj
                0x10003cbc                pvTaskIncrementMutexHeldCount
 .text.ulTaskGenericNotifyTake
                0x10003cd0       0xc4 CMakeFiles/FreeRTOS_PICO2350.dir/C_/Users/petek/Documents/pico/FreeRTOS_PICO2350/src/FreeRTOS/tasks.c.obj
                0x10003cd0                ulTaskGenericNotifyTake
 .text.xTaskGenericNotify
                0x10003d94      0x164 CMakeFiles/FreeRTOS_PICO2350.dir/C_/Users/petek/Documents/pico/FreeRTOS_PICO2350/src/FreeRTOS/tasks.c.obj
                0x10003d94                xTaskGenericNotify
 .text.vTaskGenericNotifyGiveFromISR
                0x10003ef8      0x13c CMakeFiles/FreeRTOS_PICO2350.dir/C_/Users/petek/Documents/pico/FreeRTOS_PICO2350/src/FreeRTOS/tasks.c.obj
                0x10003ef8                vTaskGenericNotifyGiveFromISR
 .text.prvGetNextExpireTime
                0x10004034       0x20 CMakeFiles/FreeRTOS_PICO2350.dir/C_/Users/petek/Documents/pico/FreeRTOS_PICO2350/src/FreeRTOS/timers.c.obj
 .text.prvInsertTimerInActiveList
                0x10004054       0x48 CMakeFiles/FreeRTOS_PICO2350.dir/C_/Users/petek/Documents/pico/FreeRTOS_PICO2350/src/FreeRTOS/timers.c.obj
 .text.prvReloadTimer
                0x1000409c       0x28 CMakeFiles/FreeRTOS_PICO2350.dir/C_/Users/petek/Documents/pico/FreeRTOS_PICO2350/src/FreeRTOS/timers.c.obj
 .text.prvProcessExpiredTimer
                0x100040c4       0x40 CMakeFiles/FreeRTOS_PICO2350.dir/C_/Users/petek/Documents/pico/FreeRTOS_PICO2350/src/FreeRTOS/timers.c.obj
 .text.prvSwitchTimerLists
                0x10004104       0x30 CMakeFiles/FreeRTOS_PICO2350.dir/C_/Users/petek/Documents/pico/FreeRTOS_PICO2350/src/FreeRTOS/timers.c.obj
 .text.prvSampleTimeNow
                0x10004134       0x2c CMakeFiles/FreeRTOS_PICO2350.dir/C_/Users/petek/Documents/pico/FreeRTOS_PICO2350/src/FreeRTOS/timers.c.obj
 .text.prvProcessTimerOrBlockTask
                0x10004160       0x68 CMakeFiles/FreeRTOS_PICO2350.dir/C_/Users/petek/Documents/pico/FreeRTOS_PICO2350/src/FreeRTOS/timers.c.obj
 .text.prvProcessReceivedCommands
                0x100041c8      0x114 CMakeFiles/FreeRTOS_PICO2350.dir/C_/Users/petek/Documents/pico/FreeRTOS_PICO2350/src/FreeRTOS/timers.c.obj
 .text.prvTimerTask
                0x100042dc       0x16 CMakeFiles/FreeRTOS_PICO2350.dir/C_/Users/petek/Documents/pico/FreeRTOS_PICO2350/src/FreeRTOS/timers.c.obj
 *fill*         0x100042f2        0x2 
 .text.prvCheckForValidListAndQueue
                0x100042f4       0x5c CMakeFiles/FreeRTOS_PICO2350.dir/C_/Users/petek/Documents/pico/FreeRTOS_PICO2350/src/FreeRTOS/timers.c.obj
 .text.prvInitialiseNewTimer
                0x10004350       0x54 CMakeFiles/FreeRTOS_PICO2350.dir/C_/Users/petek/Documents/pico/FreeRTOS_PICO2350/src/FreeRTOS/timers.c.obj
 .text.xTimerCreateTimerTask
                0x100043a4       0x5c CMakeFiles/FreeRTOS_PICO2350.dir/C_/Users/petek/Documents/pico/FreeRTOS_PICO2350/src/FreeRTOS/timers.c.obj
                0x100043a4                xTimerCreateTimerTask
 .text.xTimerCreate
                0x10004400       0x38 CMakeFiles/FreeRTOS_PICO2350.dir/C_/Users/petek/Documents/pico/FreeRTOS_PICO2350/src/FreeRTOS/timers.c.obj
                0x10004400                xTimerCreate
 .text.xTimerGenericCommandFromTask
                0x10004438       0x74 CMakeFiles/FreeRTOS_PICO2350.dir/C_/Users/petek/Documents/pico/FreeRTOS_PICO2350/src/FreeRTOS/timers.c.obj
                0x10004438                xTimerGenericCommandFromTask
 .text.pvTimerGetTimerID
                0x100044ac       0x30 CMakeFiles/FreeRTOS_PICO2350.dir/C_/Users/petek/Documents/pico/FreeRTOS_PICO2350/src/FreeRTOS/timers.c.obj
                0x100044ac                pvTimerGetTimerID
 .text.xTimerPendFunctionCallFromISR
                0x100044dc       0x28 CMakeFiles/FreeRTOS_PICO2350.dir/C_/Users/petek/Documents/pico/FreeRTOS_PICO2350/src/FreeRTOS/timers.c.obj
                0x100044dc                xTimerPendFunctionCallFromISR
 .text.clock_configure_internal
                0x10004504       0xb8 CMakeFiles/FreeRTOS_PICO2350.dir/C_/Users/petek/.pico-sdk/sdk/2.1.1/src/rp2_common/hardware_clocks/clocks.c.obj
 .text.clock_configure_undivided
                0x100045bc       0x12 CMakeFiles/FreeRTOS_PICO2350.dir/C_/Users/petek/.pico-sdk/sdk/2.1.1/src/rp2_common/hardware_clocks/clocks.c.obj
                0x100045bc                clock_configure_undivided
 *fill*         0x100045ce        0x2 
 .text.clock_get_hz
                0x100045d0        0xc CMakeFiles/FreeRTOS_PICO2350.dir/C_/Users/petek/.pico-sdk/sdk/2.1.1/src/rp2_common/hardware_clocks/clocks.c.obj
                0x100045d0                clock_get_hz
 .text.hw_claim_lock
                0x100045dc       0x24 CMakeFiles/FreeRTOS_PICO2350.dir/C_/Users/petek/.pico-sdk/sdk/2.1.1/src/common/hardware_claim/claim.c.obj
                0x100045dc                hw_claim_lock
 .text.hw_claim_unlock
                0x10004600       0x14 CMakeFiles/FreeRTOS_PICO2350.dir/C_/Users/petek/.pico-sdk/sdk/2.1.1/src/common/hardware_claim/claim.c.obj
                0x10004600                hw_claim_unlock
 .text.hw_claim_or_assert
                0x10004614       0x32 CMakeFiles/FreeRTOS_PICO2350.dir/C_/Users/petek/.pico-sdk/sdk/2.1.1/src/common/hardware_claim/claim.c.obj
                0x10004614                hw_claim_or_assert
 *fill*         0x10004646        0x2 
 .text.next_striped_spin_lock_num
                0x10004648       0x1c CMakeFiles/FreeRTOS_PICO2350.dir/C_/Users/petek/.pico-sdk/sdk/2.1.1/src/rp2_common/hardware_sync/sync.c.obj
                0x10004648                next_striped_spin_lock_num
 .text.spin_lock_claim
                0x10004664       0x18 CMakeFiles/FreeRTOS_PICO2350.dir/C_/Users/petek/.pico-sdk/sdk/2.1.1/src/rp2_common/hardware_sync/sync.c.obj
                0x10004664                spin_lock_claim
 .text.spinlock_set_extexclall
                0x1000467c        0xe CMakeFiles/FreeRTOS_PICO2350.dir/C_/Users/petek/.pico-sdk/sdk/2.1.1/src/rp2_common/hardware_sync_spin_lock/sync_spin_lock.c.obj
 *fill*         0x1000468a        0x2 
 .text.spin_locks_reset
                0x1000468c       0x1c CMakeFiles/FreeRTOS_PICO2350.dir/C_/Users/petek/.pico-sdk/sdk/2.1.1/src/rp2_common/hardware_sync_spin_lock/sync_spin_lock.c.obj
                0x1000468c                spin_locks_reset
 .text.gpio_set_function
                0x100046a8       0x38 CMakeFiles/FreeRTOS_PICO2350.dir/C_/Users/petek/.pico-sdk/sdk/2.1.1/src/rp2_common/hardware_gpio/gpio.c.obj
                0x100046a8                gpio_set_function
 .text.gpio_init
                0x100046e0       0x16 CMakeFiles/FreeRTOS_PICO2350.dir/C_/Users/petek/.pico-sdk/sdk/2.1.1/src/rp2_common/hardware_gpio/gpio.c.obj
                0x100046e0                gpio_init
 *fill*         0x100046f6        0x2 
 .text.set_raw_irq_handler_and_unlock
                0x100046f8       0x24 CMakeFiles/FreeRTOS_PICO2350.dir/C_/Users/petek/.pico-sdk/sdk/2.1.1/src/rp2_common/hardware_irq/irq.c.obj
 .text.nvic_ipr0
                0x1000471c        0x8 CMakeFiles/FreeRTOS_PICO2350.dir/C_/Users/petek/.pico-sdk/sdk/2.1.1/src/rp2_common/hardware_irq/irq.c.obj
 .text.runtime_init_per_core_irq_priorities
                0x10004724       0x1a CMakeFiles/FreeRTOS_PICO2350.dir/C_/Users/petek/.pico-sdk/sdk/2.1.1/src/rp2_common/hardware_irq/irq.c.obj
                0x10004724                runtime_init_per_core_irq_priorities
 *fill*         0x1000473e        0x2 
 .text.resolve_j_16
                0x10004740       0x40 CMakeFiles/FreeRTOS_PICO2350.dir/C_/Users/petek/.pico-sdk/sdk/2.1.1/src/rp2_common/hardware_irq/irq.c.obj
 .text.make_j_16
                0x10004780       0x3c CMakeFiles/FreeRTOS_PICO2350.dir/C_/Users/petek/.pico-sdk/sdk/2.1.1/src/rp2_common/hardware_irq/irq.c.obj
 .text.insert_bl_32
                0x100047bc       0x3c CMakeFiles/FreeRTOS_PICO2350.dir/C_/Users/petek/.pico-sdk/sdk/2.1.1/src/rp2_common/hardware_irq/irq.c.obj
 .text.irq_is_enabled
                0x100047f8       0x20 CMakeFiles/FreeRTOS_PICO2350.dir/C_/Users/petek/.pico-sdk/sdk/2.1.1/src/rp2_common/hardware_irq/irq.c.obj
                0x100047f8                irq_is_enabled
 .text.irq_set_mask_n_enabled
                0x10004818       0x20 CMakeFiles/FreeRTOS_PICO2350.dir/C_/Users/petek/.pico-sdk/sdk/2.1.1/src/rp2_common/hardware_irq/irq.c.obj
                0x10004818                irq_set_mask_n_enabled
 .text.irq_set_enabled
                0x10004838       0x14 CMakeFiles/FreeRTOS_PICO2350.dir/C_/Users/petek/.pico-sdk/sdk/2.1.1/src/rp2_common/hardware_irq/irq.c.obj
                0x10004838                irq_set_enabled
 .text.irq_get_vtable_handler
                0x1000484c       0x10 CMakeFiles/FreeRTOS_PICO2350.dir/C_/Users/petek/.pico-sdk/sdk/2.1.1/src/rp2_common/hardware_irq/irq.c.obj
                0x1000484c                irq_get_vtable_handler
 .text.irq_set_exclusive_handler
                0x1000485c       0x60 CMakeFiles/FreeRTOS_PICO2350.dir/C_/Users/petek/.pico-sdk/sdk/2.1.1/src/rp2_common/hardware_irq/irq.c.obj
                0x1000485c                irq_set_exclusive_handler
 .text.irq_remove_handler
                0x100048bc      0x178 CMakeFiles/FreeRTOS_PICO2350.dir/C_/Users/petek/.pico-sdk/sdk/2.1.1/src/rp2_common/hardware_irq/irq.c.obj
                0x100048bc                irq_remove_handler
 .text.irq_set_priority
                0x10004a34       0x2a CMakeFiles/FreeRTOS_PICO2350.dir/C_/Users/petek/.pico-sdk/sdk/2.1.1/src/rp2_common/hardware_irq/irq.c.obj
                0x10004a34                irq_set_priority
 *fill*         0x10004a5e        0x2 
 .text.irq_add_tail_to_free_list
                0x10004a60       0xf8 CMakeFiles/FreeRTOS_PICO2350.dir/C_/Users/petek/.pico-sdk/sdk/2.1.1/src/rp2_common/hardware_irq/irq.c.obj
                0x10004a60                irq_add_tail_to_free_list
 .text.lock_init
                0x10004b58        0xc CMakeFiles/FreeRTOS_PICO2350.dir/C_/Users/petek/.pico-sdk/sdk/2.1.1/src/common/pico_sync/lock_core.c.obj
                0x10004b58                lock_init
 .text.mutex_init
                0x10004b64       0x1c CMakeFiles/FreeRTOS_PICO2350.dir/C_/Users/petek/.pico-sdk/sdk/2.1.1/src/common/pico_sync/mutex.c.obj
                0x10004b64                mutex_init
 .text.recursive_mutex_init
                0x10004b80       0x20 CMakeFiles/FreeRTOS_PICO2350.dir/C_/Users/petek/.pico-sdk/sdk/2.1.1/src/common/pico_sync/mutex.c.obj
                0x10004b80                recursive_mutex_init
 .text.runtime_init_mutex
                0x10004ba0       0x4c CMakeFiles/FreeRTOS_PICO2350.dir/C_/Users/petek/.pico-sdk/sdk/2.1.1/src/common/pico_sync/mutex.c.obj
                0x10004ba0                runtime_init_mutex
 .text.ta_from_current_irq
                0x10004bec       0x24 CMakeFiles/FreeRTOS_PICO2350.dir/C_/Users/petek/.pico-sdk/sdk/2.1.1/src/common/pico_time/time.c.obj
 .text.ta_set_timeout
                0x10004c10       0x2a CMakeFiles/FreeRTOS_PICO2350.dir/C_/Users/petek/.pico-sdk/sdk/2.1.1/src/common/pico_time/time.c.obj
 .text.make_alarm_id
                0x10004c3a        0x6 CMakeFiles/FreeRTOS_PICO2350.dir/C_/Users/petek/.pico-sdk/sdk/2.1.1/src/common/pico_time/time.c.obj
 .text.alarm_pool_irq_handler
                0x10004c40      0x2ec CMakeFiles/FreeRTOS_PICO2350.dir/C_/Users/petek/.pico-sdk/sdk/2.1.1/src/common/pico_time/time.c.obj
 .text.ta_enable_irq_handler
                0x10004f2c       0x38 CMakeFiles/FreeRTOS_PICO2350.dir/C_/Users/petek/.pico-sdk/sdk/2.1.1/src/common/pico_time/time.c.obj
 .text.alarm_pool_post_alloc_init
                0x10004f64       0x7c CMakeFiles/FreeRTOS_PICO2350.dir/C_/Users/petek/.pico-sdk/sdk/2.1.1/src/common/pico_time/time.c.obj
 .text.sleep_until_callback
                0x10004fe0       0x34 CMakeFiles/FreeRTOS_PICO2350.dir/C_/Users/petek/.pico-sdk/sdk/2.1.1/src/common/pico_time/time.c.obj
 .text.alarm_pool_get_default
                0x10005014       0x28 CMakeFiles/FreeRTOS_PICO2350.dir/C_/Users/petek/.pico-sdk/sdk/2.1.1/src/common/pico_time/time.c.obj
                0x10005014                alarm_pool_get_default
 .text.alarm_pool_add_alarm_at_force_in_context
                0x1000503c       0xc0 CMakeFiles/FreeRTOS_PICO2350.dir/C_/Users/petek/.pico-sdk/sdk/2.1.1/src/common/pico_time/time.c.obj
                0x1000503c                alarm_pool_add_alarm_at_force_in_context
 .text.alarm_pool_add_alarm_at
                0x100050fc       0x38 CMakeFiles/FreeRTOS_PICO2350.dir/C_/Users/petek/.pico-sdk/sdk/2.1.1/src/common/pico_time/time.c.obj
                0x100050fc                alarm_pool_add_alarm_at
 .text.add_alarm_at
                0x10005134       0x26 CMakeFiles/FreeRTOS_PICO2350.dir/C_/Users/petek/.pico-sdk/sdk/2.1.1/src/common/pico_time/time.c.obj
 .text.alarm_pool_cancel_alarm
                0x1000515a       0x72 CMakeFiles/FreeRTOS_PICO2350.dir/C_/Users/petek/.pico-sdk/sdk/2.1.1/src/common/pico_time/time.c.obj
                0x1000515a                alarm_pool_cancel_alarm
 .text.cancel_alarm
                0x100051cc       0x10 CMakeFiles/FreeRTOS_PICO2350.dir/C_/Users/petek/.pico-sdk/sdk/2.1.1/src/common/pico_time/time.c.obj
 .text.best_effort_wfe_or_timeout
                0x100051dc       0xfc CMakeFiles/FreeRTOS_PICO2350.dir/C_/Users/petek/.pico-sdk/sdk/2.1.1/src/common/pico_time/time.c.obj
                0x100051dc                best_effort_wfe_or_timeout
 .text.alarm_pool_get_default_timer
                0x100052d8        0x8 CMakeFiles/FreeRTOS_PICO2350.dir/C_/Users/petek/.pico-sdk/sdk/2.1.1/src/common/pico_time/time.c.obj
                0x100052d8                alarm_pool_get_default_timer
 .text.runtime_init_default_alarm_pool
                0x100052e0       0x34 CMakeFiles/FreeRTOS_PICO2350.dir/C_/Users/petek/.pico-sdk/sdk/2.1.1/src/common/pico_time/time.c.obj
                0x100052e0                runtime_init_default_alarm_pool
 .text.timer_hardware_alarm_claim
                0x10005314       0x24 CMakeFiles/FreeRTOS_PICO2350.dir/C_/Users/petek/.pico-sdk/sdk/2.1.1/src/rp2_common/hardware_timer/timer.c.obj
                0x10005314                timer_hardware_alarm_claim
 .text.timer_time_us_64
                0x10005338       0x10 CMakeFiles/FreeRTOS_PICO2350.dir/C_/Users/petek/.pico-sdk/sdk/2.1.1/src/rp2_common/hardware_timer/timer.c.obj
                0x10005338                timer_time_us_64
 .text.timer_busy_wait_until
                0x10005348       0x1a CMakeFiles/FreeRTOS_PICO2350.dir/C_/Users/petek/.pico-sdk/sdk/2.1.1/src/rp2_common/hardware_timer/timer.c.obj
                0x10005348                timer_busy_wait_until
 .text.timer_busy_wait_us
                0x10005362       0x28 CMakeFiles/FreeRTOS_PICO2350.dir/C_/Users/petek/.pico-sdk/sdk/2.1.1/src/rp2_common/hardware_timer/timer.c.obj
                0x10005362                timer_busy_wait_us
 *fill*         0x1000538a        0x2 
 .text.time_us_64
                0x1000538c       0x10 CMakeFiles/FreeRTOS_PICO2350.dir/C_/Users/petek/.pico-sdk/sdk/2.1.1/src/rp2_common/hardware_timer/timer.c.obj
                0x1000538c                time_us_64
 .text.busy_wait_us
                0x1000539c       0x14 CMakeFiles/FreeRTOS_PICO2350.dir/C_/Users/petek/.pico-sdk/sdk/2.1.1/src/rp2_common/hardware_timer/timer.c.obj
                0x1000539c                busy_wait_us
 .text.timer_busy_wait_us_32
                0x100053b0       0x1c CMakeFiles/FreeRTOS_PICO2350.dir/C_/Users/petek/.pico-sdk/sdk/2.1.1/src/rp2_common/hardware_timer/timer.c.obj
                0x100053b0                timer_busy_wait_us_32
 .text.timer_busy_wait_ms
                0x100053cc       0x40 CMakeFiles/FreeRTOS_PICO2350.dir/C_/Users/petek/.pico-sdk/sdk/2.1.1/src/rp2_common/hardware_timer/timer.c.obj
                0x100053cc                timer_busy_wait_ms
 .text.busy_wait_ms
                0x1000540c       0x10 CMakeFiles/FreeRTOS_PICO2350.dir/C_/Users/petek/.pico-sdk/sdk/2.1.1/src/rp2_common/hardware_timer/timer.c.obj
                0x1000540c                busy_wait_ms
 .text.pll_init
                0x1000541c      0x108 CMakeFiles/FreeRTOS_PICO2350.dir/C_/Users/petek/.pico-sdk/sdk/2.1.1/src/rp2_common/hardware_pll/pll.c.obj
                0x1000541c                pll_init
 .text.tick_start
                0x10005524       0x1c CMakeFiles/FreeRTOS_PICO2350.dir/C_/Users/petek/.pico-sdk/sdk/2.1.1/src/rp2_common/hardware_ticks/ticks.c.obj
                0x10005524                tick_start
 .text.rom_func_lookup
                0x10005540       0x1e CMakeFiles/FreeRTOS_PICO2350.dir/C_/Users/petek/.pico-sdk/sdk/2.1.1/src/rp2_common/pico_bootrom/bootrom.c.obj
                0x10005540                rom_func_lookup
 *fill*         0x1000555e        0x2 
 .text.runtime_init_bootrom_locking_enable
                0x10005560       0x14 CMakeFiles/FreeRTOS_PICO2350.dir/C_/Users/petek/.pico-sdk/sdk/2.1.1/src/rp2_common/pico_bootrom/bootrom_lock.c.obj
                0x10005560                runtime_init_bootrom_locking_enable
 .text.boot_locks_reset
                0x10005574       0x20 CMakeFiles/FreeRTOS_PICO2350.dir/C_/Users/petek/.pico-sdk/sdk/2.1.1/src/rp2_common/hardware_boot_lock/boot_lock.c.obj
                0x10005574                boot_locks_reset
 .text.runtime_init_boot_locks_reset
                0x10005594        0x8 CMakeFiles/FreeRTOS_PICO2350.dir/C_/Users/petek/.pico-sdk/sdk/2.1.1/src/rp2_common/hardware_boot_lock/boot_lock.c.obj
                0x10005594                runtime_init_boot_locks_reset
 .text.xosc_init
                0x1000559c       0x28 CMakeFiles/FreeRTOS_PICO2350.dir/C_/Users/petek/.pico-sdk/sdk/2.1.1/src/rp2_common/hardware_xosc/xosc.c.obj
                0x1000559c                xosc_init
 .text.exception_is_compile_time_default
                0x100055c4       0x20 CMakeFiles/FreeRTOS_PICO2350.dir/C_/Users/petek/.pico-sdk/sdk/2.1.1/src/rp2_common/hardware_exception/exception.c.obj
 .text.set_raw_exception_handler_and_restore_interrupts
                0x100055e4       0x18 CMakeFiles/FreeRTOS_PICO2350.dir/C_/Users/petek/.pico-sdk/sdk/2.1.1/src/rp2_common/hardware_exception/exception.c.obj
 .text.exception_get_vtable_handler
                0x100055fc       0x10 CMakeFiles/FreeRTOS_PICO2350.dir/C_/Users/petek/.pico-sdk/sdk/2.1.1/src/rp2_common/hardware_exception/exception.c.obj
                0x100055fc                exception_get_vtable_handler
 .text.exception_set_exclusive_handler
                0x1000560c       0x44 CMakeFiles/FreeRTOS_PICO2350.dir/C_/Users/petek/.pico-sdk/sdk/2.1.1/src/rp2_common/hardware_exception/exception.c.obj
                0x1000560c                exception_set_exclusive_handler
 .text.core1_trampoline
                0x10005650        0x2 CMakeFiles/FreeRTOS_PICO2350.dir/C_/Users/petek/.pico-sdk/sdk/2.1.1/src/rp2_common/pico_multicore/multicore.c.obj
 .text.core1_wrapper
                0x10005652        0xc CMakeFiles/FreeRTOS_PICO2350.dir/C_/Users/petek/.pico-sdk/sdk/2.1.1/src/rp2_common/pico_multicore/multicore.c.obj
                0x10005652                core1_wrapper
 *fill*         0x1000565e        0x2 
 .text.multicore_doorbell_claim_under_lock
                0x10005660       0x80 CMakeFiles/FreeRTOS_PICO2350.dir/C_/Users/petek/.pico-sdk/sdk/2.1.1/src/rp2_common/pico_multicore/multicore.c.obj
 .text.multicore_fifo_push_blocking
                0x100056e0       0x16 CMakeFiles/FreeRTOS_PICO2350.dir/C_/Users/petek/.pico-sdk/sdk/2.1.1/src/rp2_common/pico_multicore/multicore.c.obj
                0x100056e0                multicore_fifo_push_blocking
 .text.multicore_fifo_pop_blocking
                0x100056f6       0x18 CMakeFiles/FreeRTOS_PICO2350.dir/C_/Users/petek/.pico-sdk/sdk/2.1.1/src/rp2_common/pico_multicore/multicore.c.obj
                0x100056f6                multicore_fifo_pop_blocking
 .text.multicore_launch_core1_raw
                0x1000570e       0x7a CMakeFiles/FreeRTOS_PICO2350.dir/C_/Users/petek/.pico-sdk/sdk/2.1.1/src/rp2_common/pico_multicore/multicore.c.obj
                0x1000570e                multicore_launch_core1_raw
 .text.multicore_launch_core1_with_stack
                0x10005788       0x50 CMakeFiles/FreeRTOS_PICO2350.dir/C_/Users/petek/.pico-sdk/sdk/2.1.1/src/rp2_common/pico_multicore/multicore.c.obj
                0x10005788                multicore_launch_core1_with_stack
 .text.multicore_launch_core1
                0x100057d8       0x24 CMakeFiles/FreeRTOS_PICO2350.dir/C_/Users/petek/.pico-sdk/sdk/2.1.1/src/rp2_common/pico_multicore/multicore.c.obj
                0x100057d8                multicore_launch_core1
 .text.multicore_doorbell_claim_unused
                0x100057fc       0x40 CMakeFiles/FreeRTOS_PICO2350.dir/C_/Users/petek/.pico-sdk/sdk/2.1.1/src/rp2_common/pico_multicore/multicore.c.obj
                0x100057fc                multicore_doorbell_claim_unused
 .text.uart_unreset
                0x1000583c       0x2c CMakeFiles/FreeRTOS_PICO2350.dir/C_/Users/petek/.pico-sdk/sdk/2.1.1/src/rp2_common/hardware_uart/uart.c.obj
 .text.uart_disable_before_lcr_write
                0x10005868       0x40 CMakeFiles/FreeRTOS_PICO2350.dir/C_/Users/petek/.pico-sdk/sdk/2.1.1/src/rp2_common/hardware_uart/uart.c.obj
 .text.uart_write_lcr_bits_masked
                0x100058a8       0x1c CMakeFiles/FreeRTOS_PICO2350.dir/C_/Users/petek/.pico-sdk/sdk/2.1.1/src/rp2_common/hardware_uart/uart.c.obj
 .text.uart_set_baudrate
                0x100058c4       0x52 CMakeFiles/FreeRTOS_PICO2350.dir/C_/Users/petek/.pico-sdk/sdk/2.1.1/src/rp2_common/hardware_uart/uart.c.obj
                0x100058c4                uart_set_baudrate
 *fill*         0x10005916        0x2 
 .text.uart_set_translate_crlf
                0x10005918       0x24 CMakeFiles/FreeRTOS_PICO2350.dir/C_/Users/petek/.pico-sdk/sdk/2.1.1/src/rp2_common/hardware_uart/uart.c.obj
                0x10005918                uart_set_translate_crlf
 .text.uart_init
                0x1000593c       0x5c CMakeFiles/FreeRTOS_PICO2350.dir/C_/Users/petek/.pico-sdk/sdk/2.1.1/src/rp2_common/hardware_uart/uart.c.obj
                0x1000593c                uart_init
 .text.runtime_run_initializers_from
                0x10005998       0x18 CMakeFiles/FreeRTOS_PICO2350.dir/C_/Users/petek/.pico-sdk/sdk/2.1.1/src/rp2_common/pico_runtime/runtime.c.obj
 .text.first_per_core_initializer
                0x100059b0        0x2 CMakeFiles/FreeRTOS_PICO2350.dir/C_/Users/petek/.pico-sdk/sdk/2.1.1/src/rp2_common/pico_runtime/runtime.c.obj
 *fill*         0x100059b2        0x2 
 .text.runtime_run_initializers
                0x100059b4       0x10 CMakeFiles/FreeRTOS_PICO2350.dir/C_/Users/petek/.pico-sdk/sdk/2.1.1/src/rp2_common/pico_runtime/runtime.c.obj
                0x100059b4                runtime_run_initializers
 .text.runtime_run_per_core_initializers
                0x100059c4       0x10 CMakeFiles/FreeRTOS_PICO2350.dir/C_/Users/petek/.pico-sdk/sdk/2.1.1/src/rp2_common/pico_runtime/runtime.c.obj
                0x100059c4                runtime_run_per_core_initializers
 .text.runtime_init_early_resets
                0x100059d4       0x2c CMakeFiles/FreeRTOS_PICO2350.dir/C_/Users/petek/.pico-sdk/sdk/2.1.1/src/rp2_common/pico_runtime_init/runtime_init.c.obj
                0x100059d4                runtime_init_early_resets
 .text.runtime_init_usb_power_down
                0x10005a00       0x20 CMakeFiles/FreeRTOS_PICO2350.dir/C_/Users/petek/.pico-sdk/sdk/2.1.1/src/rp2_common/pico_runtime_init/runtime_init.c.obj
                0x10005a00                runtime_init_usb_power_down
 .text.runtime_init_per_core_enable_coprocessors
                0x10005a20       0x1c CMakeFiles/FreeRTOS_PICO2350.dir/C_/Users/petek/.pico-sdk/sdk/2.1.1/src/rp2_common/pico_runtime_init/runtime_init.c.obj
                0x10005a20                runtime_init_per_core_enable_coprocessors
 .text.runtime_init_post_clock_resets
                0x10005a3c       0x20 CMakeFiles/FreeRTOS_PICO2350.dir/C_/Users/petek/.pico-sdk/sdk/2.1.1/src/rp2_common/pico_runtime_init/runtime_init.c.obj
                0x10005a3c                runtime_init_post_clock_resets
 .text.runtime_init_bootrom_reset
                0x10005a5c       0x12 CMakeFiles/FreeRTOS_PICO2350.dir/C_/Users/petek/.pico-sdk/sdk/2.1.1/src/rp2_common/pico_runtime_init/runtime_init.c.obj
                0x10005a5c                runtime_init_bootrom_reset
 .text.runtime_init_per_core_bootrom_reset
                0x10005a6e       0x12 CMakeFiles/FreeRTOS_PICO2350.dir/C_/Users/petek/.pico-sdk/sdk/2.1.1/src/rp2_common/pico_runtime_init/runtime_init.c.obj
                0x10005a6e                runtime_init_per_core_bootrom_reset
 .text.runtime_init_spin_locks_reset
                0x10005a80        0x8 CMakeFiles/FreeRTOS_PICO2350.dir/C_/Users/petek/.pico-sdk/sdk/2.1.1/src/rp2_common/pico_runtime_init/runtime_init.c.obj
                0x10005a80                runtime_init_spin_locks_reset
 .text.runtime_init_install_ram_vector_table
                0x10005a88       0x20 CMakeFiles/FreeRTOS_PICO2350.dir/C_/Users/petek/.pico-sdk/sdk/2.1.1/src/rp2_common/pico_runtime_init/runtime_init.c.obj
                0x10005a88                runtime_init_install_ram_vector_table
 .text.start_all_ticks
                0x10005aa8       0x28 CMakeFiles/FreeRTOS_PICO2350.dir/C_/Users/petek/.pico-sdk/sdk/2.1.1/src/rp2_common/pico_runtime_init/runtime_init_clocks.c.obj
 .text.runtime_init_clocks
                0x10005ad0       0xc4 CMakeFiles/FreeRTOS_PICO2350.dir/C_/Users/petek/.pico-sdk/sdk/2.1.1/src/rp2_common/pico_runtime_init/runtime_init_clocks.c.obj
                0x10005ad0                runtime_init_clocks
 .text.__rp2350_dcp_engaged_state_save_restore
                0x10005b94       0x3a CMakeFiles/FreeRTOS_PICO2350.dir/C_/Users/petek/.pico-sdk/sdk/2.1.1/src/rp2_common/pico_double/double_aeabi_dcp.S.obj
 *fill*         0x10005bce        0x2 
 .text.__wrap___aeabi_dadd
                0x10005bd0       0x28 CMakeFiles/FreeRTOS_PICO2350.dir/C_/Users/petek/.pico-sdk/sdk/2.1.1/src/rp2_common/pico_double/double_aeabi_dcp.S.obj
                0x10005bd8                __wrap___aeabi_dadd
 .text.__wrap___aeabi_dsub
                0x10005bf8       0x28 CMakeFiles/FreeRTOS_PICO2350.dir/C_/Users/petek/.pico-sdk/sdk/2.1.1/src/rp2_common/pico_double/double_aeabi_dcp.S.obj
                0x10005c00                __wrap___aeabi_dsub
 .text.__wrap___aeabi_dmul
                0x10005c20       0x4c CMakeFiles/FreeRTOS_PICO2350.dir/C_/Users/petek/.pico-sdk/sdk/2.1.1/src/rp2_common/pico_double/double_aeabi_dcp.S.obj
                0x10005c28                __wrap___aeabi_dmul
 .text.__wrap___aeabi_ddiv
                0x10005c6c       0x9c CMakeFiles/FreeRTOS_PICO2350.dir/C_/Users/petek/.pico-sdk/sdk/2.1.1/src/rp2_common/pico_double/double_aeabi_dcp.S.obj
                0x10005c74                __wrap___aeabi_ddiv
 .text.__wrap___aeabi_i2d
                0x10005d08       0x24 CMakeFiles/FreeRTOS_PICO2350.dir/C_/Users/petek/.pico-sdk/sdk/2.1.1/src/rp2_common/pico_double/double_aeabi_dcp.S.obj
                0x10005d10                int2double
                0x10005d10                __wrap___aeabi_i2d
 .text.__wrap___aeabi_ui2d
                0x10005d2c       0x24 CMakeFiles/FreeRTOS_PICO2350.dir/C_/Users/petek/.pico-sdk/sdk/2.1.1/src/rp2_common/pico_double/double_aeabi_dcp.S.obj
                0x10005d34                uint2double
                0x10005d34                __wrap___aeabi_ui2d
 .text.__wrap___aeabi_d2iz
                0x10005d50       0x24 CMakeFiles/FreeRTOS_PICO2350.dir/C_/Users/petek/.pico-sdk/sdk/2.1.1/src/rp2_common/pico_double/double_aeabi_dcp.S.obj
                0x10005d58                double2int_z
                0x10005d58                __wrap___aeabi_d2iz
 .text.__wrap___aeabi_d2uiz
                0x10005d74       0x24 CMakeFiles/FreeRTOS_PICO2350.dir/C_/Users/petek/.pico-sdk/sdk/2.1.1/src/rp2_common/pico_double/double_aeabi_dcp.S.obj
                0x10005d7c                double2uint
                0x10005d7c                __wrap___aeabi_d2uiz
                0x10005d7c                double2uint_z
 .text.__wrap___aeabi_dcmpun
                0x10005d98       0x24 CMakeFiles/FreeRTOS_PICO2350.dir/C_/Users/petek/.pico-sdk/sdk/2.1.1/src/rp2_common/pico_double/double_aeabi_dcp.S.obj
                0x10005da0                __wrap___aeabi_dcmpun
 .text.__wrap___aeabi_dcmplt
                0x10005dbc       0x28 CMakeFiles/FreeRTOS_PICO2350.dir/C_/Users/petek/.pico-sdk/sdk/2.1.1/src/rp2_common/pico_double/double_aeabi_dcp.S.obj
                0x10005dc4                __wrap___aeabi_dcmplt
 .text.__wrap___aeabi_dcmple
                0x10005de4       0x28 CMakeFiles/FreeRTOS_PICO2350.dir/C_/Users/petek/.pico-sdk/sdk/2.1.1/src/rp2_common/pico_double/double_aeabi_dcp.S.obj
                0x10005dec                __wrap___aeabi_dcmple
 .text.__wrap___aeabi_dcmpge
                0x10005e0c       0x28 CMakeFiles/FreeRTOS_PICO2350.dir/C_/Users/petek/.pico-sdk/sdk/2.1.1/src/rp2_common/pico_double/double_aeabi_dcp.S.obj
                0x10005e14                __wrap___aeabi_dcmpge
 .text.__wrap___aeabi_dcmpgt
                0x10005e34       0x28 CMakeFiles/FreeRTOS_PICO2350.dir/C_/Users/petek/.pico-sdk/sdk/2.1.1/src/rp2_common/pico_double/double_aeabi_dcp.S.obj
                0x10005e3c                __wrap___aeabi_dcmpgt
 .text._out_null
                0x10005e5c        0x2 CMakeFiles/FreeRTOS_PICO2350.dir/C_/Users/petek/.pico-sdk/sdk/2.1.1/src/rp2_common/pico_printf/printf.c.obj
 .text._out_fct
                0x10005e5e        0xe CMakeFiles/FreeRTOS_PICO2350.dir/C_/Users/petek/.pico-sdk/sdk/2.1.1/src/rp2_common/pico_printf/printf.c.obj
 .text._atoi    0x10005e6c       0x26 CMakeFiles/FreeRTOS_PICO2350.dir/C_/Users/petek/.pico-sdk/sdk/2.1.1/src/rp2_common/pico_printf/printf.c.obj
 .text._out_rev
                0x10005e92       0x7e CMakeFiles/FreeRTOS_PICO2350.dir/C_/Users/petek/.pico-sdk/sdk/2.1.1/src/rp2_common/pico_printf/printf.c.obj
 .text._ntoa_format
                0x10005f10      0x134 CMakeFiles/FreeRTOS_PICO2350.dir/C_/Users/petek/.pico-sdk/sdk/2.1.1/src/rp2_common/pico_printf/printf.c.obj
 .text._ntoa_long
                0x10006044       0x94 CMakeFiles/FreeRTOS_PICO2350.dir/C_/Users/petek/.pico-sdk/sdk/2.1.1/src/rp2_common/pico_printf/printf.c.obj
 .text._ntoa_long_long
                0x100060d8       0xc2 CMakeFiles/FreeRTOS_PICO2350.dir/C_/Users/petek/.pico-sdk/sdk/2.1.1/src/rp2_common/pico_printf/printf.c.obj
 *fill*         0x1000619a        0x6 
 .text._etoa    0x100061a0      0x420 CMakeFiles/FreeRTOS_PICO2350.dir/C_/Users/petek/.pico-sdk/sdk/2.1.1/src/rp2_common/pico_printf/printf.c.obj
 .text._ftoa    0x100065c0      0x398 CMakeFiles/FreeRTOS_PICO2350.dir/C_/Users/petek/.pico-sdk/sdk/2.1.1/src/rp2_common/pico_printf/printf.c.obj
 .text._vsnprintf
                0x10006958      0x6d8 CMakeFiles/FreeRTOS_PICO2350.dir/C_/Users/petek/.pico-sdk/sdk/2.1.1/src/rp2_common/pico_printf/printf.c.obj
 .text.vfctprintf
                0x10007030       0x24 CMakeFiles/FreeRTOS_PICO2350.dir/C_/Users/petek/.pico-sdk/sdk/2.1.1/src/rp2_common/pico_printf/printf.c.obj
                0x10007030                vfctprintf
 .text._exit    0x10007054        0x4 CMakeFiles/FreeRTOS_PICO2350.dir/C_/Users/petek/.pico-sdk/sdk/2.1.1/src/rp2_common/pico_clib_interface/newlib_interface.c.obj
                0x10007054                _exit
 .text.exit     0x10007058        0x6 CMakeFiles/FreeRTOS_PICO2350.dir/C_/Users/petek/.pico-sdk/sdk/2.1.1/src/rp2_common/pico_clib_interface/newlib_interface.c.obj
                0x10007058                exit
 *fill*         0x1000705e        0x2 
 .text.__assert_func
                0x10007060       0x34 CMakeFiles/FreeRTOS_PICO2350.dir/C_/Users/petek/.pico-sdk/sdk/2.1.1/src/rp2_common/pico_clib_interface/newlib_interface.c.obj
                0x10007060                __assert_func
 .text.runtime_init
                0x10007094       0x2c CMakeFiles/FreeRTOS_PICO2350.dir/C_/Users/petek/.pico-sdk/sdk/2.1.1/src/rp2_common/pico_clib_interface/newlib_interface.c.obj
                0x10007094                runtime_init
 .text.stdio_out_chars_no_crlf
                0x100070c0        0xe CMakeFiles/FreeRTOS_PICO2350.dir/C_/Users/petek/.pico-sdk/sdk/2.1.1/src/rp2_common/pico_stdio/stdio.c.obj
 *fill*         0x100070ce        0x2 
 .text.stdio_out_chars_crlf
                0x100070d0       0x80 CMakeFiles/FreeRTOS_PICO2350.dir/C_/Users/petek/.pico-sdk/sdk/2.1.1/src/rp2_common/pico_stdio/stdio.c.obj
 .text.stdio_stack_buffer_flush
                0x10007150       0x40 CMakeFiles/FreeRTOS_PICO2350.dir/C_/Users/petek/.pico-sdk/sdk/2.1.1/src/rp2_common/pico_stdio/stdio.c.obj
 .text.stdio_buffered_printer
                0x10007190       0x20 CMakeFiles/FreeRTOS_PICO2350.dir/C_/Users/petek/.pico-sdk/sdk/2.1.1/src/rp2_common/pico_stdio/stdio.c.obj
 .text.stdout_serialize_begin
                0x100071b0       0x2c CMakeFiles/FreeRTOS_PICO2350.dir/C_/Users/petek/.pico-sdk/sdk/2.1.1/src/rp2_common/pico_stdio/stdio.c.obj
                0x100071b0                stdout_serialize_begin
 .text.stdout_serialize_end
                0x100071dc       0x10 CMakeFiles/FreeRTOS_PICO2350.dir/C_/Users/petek/.pico-sdk/sdk/2.1.1/src/rp2_common/pico_stdio/stdio.c.obj
                0x100071dc                stdout_serialize_end
 .text.stdio_put_string
                0x100071ec       0x8c CMakeFiles/FreeRTOS_PICO2350.dir/C_/Users/petek/.pico-sdk/sdk/2.1.1/src/rp2_common/pico_stdio/stdio.c.obj
                0x100071ec                stdio_put_string
 .text.stdio_set_driver_enabled
                0x10007278       0x2c CMakeFiles/FreeRTOS_PICO2350.dir/C_/Users/petek/.pico-sdk/sdk/2.1.1/src/rp2_common/pico_stdio/stdio.c.obj
                0x10007278                stdio_set_driver_enabled
 .text.stdio_flush
                0x100072a4       0x1c CMakeFiles/FreeRTOS_PICO2350.dir/C_/Users/petek/.pico-sdk/sdk/2.1.1/src/rp2_common/pico_stdio/stdio.c.obj
                0x100072a4                stdio_flush
 .text.stdio_init_all
                0x100072c0        0xa CMakeFiles/FreeRTOS_PICO2350.dir/C_/Users/petek/.pico-sdk/sdk/2.1.1/src/rp2_common/pico_stdio/stdio.c.obj
                0x100072c0                stdio_init_all
 .text.__wrap_puts
                0x100072ca       0x1e CMakeFiles/FreeRTOS_PICO2350.dir/C_/Users/petek/.pico-sdk/sdk/2.1.1/src/rp2_common/pico_stdio/stdio.c.obj
                0x100072ca                stdio_puts
                0x100072ca                __wrap_puts
 .text.__wrap_vprintf
                0x100072e8       0x40 CMakeFiles/FreeRTOS_PICO2350.dir/C_/Users/petek/.pico-sdk/sdk/2.1.1/src/rp2_common/pico_stdio/stdio.c.obj
                0x100072e8                stdio_vprintf
                0x100072e8                __wrap_vprintf
 .text.__wrap_printf
                0x10007328       0x1c CMakeFiles/FreeRTOS_PICO2350.dir/C_/Users/petek/.pico-sdk/sdk/2.1.1/src/rp2_common/pico_stdio/stdio.c.obj
                0x10007328                __wrap_printf
                0x10007328                stdio_printf
 .text.uart_putc
                0x10007344       0x70 CMakeFiles/FreeRTOS_PICO2350.dir/C_/Users/petek/.pico-sdk/sdk/2.1.1/src/rp2_common/pico_stdio_uart/stdio_uart.c.obj
 .text.uart_getc
                0x100073b4       0x30 CMakeFiles/FreeRTOS_PICO2350.dir/C_/Users/petek/.pico-sdk/sdk/2.1.1/src/rp2_common/pico_stdio_uart/stdio_uart.c.obj
 .text.stdio_uart_out_chars
                0x100073e4       0x20 CMakeFiles/FreeRTOS_PICO2350.dir/C_/Users/petek/.pico-sdk/sdk/2.1.1/src/rp2_common/pico_stdio_uart/stdio_uart.c.obj
 .text.stdio_uart_in_chars
                0x10007404       0x54 CMakeFiles/FreeRTOS_PICO2350.dir/C_/Users/petek/.pico-sdk/sdk/2.1.1/src/rp2_common/pico_stdio_uart/stdio_uart.c.obj
                0x10007404                stdio_uart_in_chars
 .text.on_uart_rx
                0x10007458       0x24 CMakeFiles/FreeRTOS_PICO2350.dir/C_/Users/petek/.pico-sdk/sdk/2.1.1/src/rp2_common/pico_stdio_uart/stdio_uart.c.obj
 .text.stdio_uart_out_flush
                0x1000747c       0x14 CMakeFiles/FreeRTOS_PICO2350.dir/C_/Users/petek/.pico-sdk/sdk/2.1.1/src/rp2_common/pico_stdio_uart/stdio_uart.c.obj
 .text.stdio_uart_set_chars_available_callback
                0x10007490       0x84 CMakeFiles/FreeRTOS_PICO2350.dir/C_/Users/petek/.pico-sdk/sdk/2.1.1/src/rp2_common/pico_stdio_uart/stdio_uart.c.obj
 .text.stdio_uart_init_full
                0x10007514       0x50 CMakeFiles/FreeRTOS_PICO2350.dir/C_/Users/petek/.pico-sdk/sdk/2.1.1/src/rp2_common/pico_stdio_uart/stdio_uart.c.obj
                0x10007514                stdio_uart_init_full
 .text.stdio_uart_init
                0x10007564       0x30 CMakeFiles/FreeRTOS_PICO2350.dir/C_/Users/petek/.pico-sdk/sdk/2.1.1/src/rp2_common/pico_stdio_uart/stdio_uart.c.obj
                0x10007564                stdio_uart_init
 .text.memset   0x10007594       0x9c C:/PROGRA~2/ARMGNU~1/14EFD8~1.2RE/bin/../lib/gcc/arm-none-eabi/14.2.1/thumb/v8-m.main+fp/softfp\libg.a(libc_a-memset.o)
                0x10007594                memset
 .text          0x10007630       0xec C:/PROGRA~2/ARMGNU~1/14EFD8~1.2RE/bin/../lib/gcc/arm-none-eabi/14.2.1/thumb/v8-m.main+fp/softfp\libg.a(libc_a-memcpy.o)
                0x10007630                memcpy
 .text.strlen   0x1000771c       0x5c C:/PROGRA~2/ARMGNU~1/14EFD8~1.2RE/bin/../lib/gcc/arm-none-eabi/14.2.1/thumb/v8-m.main+fp/softfp\libg.a(libc_a-strlen-stub.o)
                0x1000771c                strlen
 *(.fini)
 .fini          0x10007778        0x4 C:/PROGRA~2/ARMGNU~1/14EFD8~1.2RE/bin/../lib/gcc/arm-none-eabi/14.2.1/thumb/v8-m.main+fp/softfp/crti.o
                0x10007778                _fini
 *fill*         0x1000777c        0x4 
 .fini.__stub   0x10007780       0x20 linker stubs
 *crtbegin.o(.ctors)
 *crtbegin?.o(.ctors)
 *(EXCLUDE_FILE(*crtend.o *crtend?.o) .ctors)
 *(SORT_BY_NAME(.ctors.*))
 *(.ctors)
 *crtbegin.o(.dtors)
 *crtbegin?.o(.dtors)
 *(EXCLUDE_FILE(*crtend.o *crtend?.o) .dtors)
 *(SORT_BY_NAME(.dtors.*))
 *(.dtors)
                0x100077a0                        . = ALIGN (0x4)
                0x100077a0                        PROVIDE (__preinit_array_start = .)
 *(SORT_BY_NAME(.preinit_array.*))
 .preinit_array.00050
                0x100077a0        0x4 CMakeFiles/FreeRTOS_PICO2350.dir/C_/Users/petek/.pico-sdk/sdk/2.1.1/src/rp2_common/pico_runtime_init/runtime_init.c.obj
                0x100077a0                __pre_init_runtime_init_bootrom_reset
 .preinit_array.00100
                0x100077a4        0x4 CMakeFiles/FreeRTOS_PICO2350.dir/C_/Users/petek/.pico-sdk/sdk/2.1.1/src/rp2_common/pico_runtime_init/runtime_init.c.obj
                0x100077a4                __pre_init_runtime_init_early_resets
 .preinit_array.00101
                0x100077a8        0x4 CMakeFiles/FreeRTOS_PICO2350.dir/C_/Users/petek/.pico-sdk/sdk/2.1.1/src/rp2_common/pico_runtime_init/runtime_init.c.obj
                0x100077a8                __pre_init_runtime_init_usb_power_down
 .preinit_array.00500
                0x100077ac        0x4 CMakeFiles/FreeRTOS_PICO2350.dir/C_/Users/petek/.pico-sdk/sdk/2.1.1/src/rp2_common/pico_runtime_init/runtime_init.c.obj
                0x100077ac                __pre_init_runtime_init_clocks
 .preinit_array.00600
                0x100077b0        0x4 CMakeFiles/FreeRTOS_PICO2350.dir/C_/Users/petek/.pico-sdk/sdk/2.1.1/src/rp2_common/pico_runtime_init/runtime_init.c.obj
                0x100077b0                __pre_init_runtime_init_post_clock_resets
 .preinit_array.01000
                0x100077b4        0x4 CMakeFiles/FreeRTOS_PICO2350.dir/C_/Users/petek/.pico-sdk/sdk/2.1.1/src/rp2_common/hardware_boot_lock/boot_lock.c.obj
                0x100077b4                __pre_init_runtime_init_boot_locks_reset
 .preinit_array.01000
                0x100077b8        0x4 CMakeFiles/FreeRTOS_PICO2350.dir/C_/Users/petek/.pico-sdk/sdk/2.1.1/src/rp2_common/pico_runtime_init/runtime_init.c.obj
                0x100077b8                __pre_init_runtime_init_spin_locks_reset
 .preinit_array.01010
                0x100077bc        0x4 CMakeFiles/FreeRTOS_PICO2350.dir/C_/Users/petek/.pico-sdk/sdk/2.1.1/src/rp2_common/pico_bootrom/bootrom_lock.c.obj
                0x100077bc                __pre_init_runtime_init_bootrom_locking_enable
 .preinit_array.01100
                0x100077c0        0x4 CMakeFiles/FreeRTOS_PICO2350.dir/C_/Users/petek/.pico-sdk/sdk/2.1.1/src/common/pico_sync/mutex.c.obj
                0x100077c0                __pre_init_runtime_init_mutex
 .preinit_array.10080
                0x100077c4        0x4 CMakeFiles/FreeRTOS_PICO2350.dir/C_/Users/petek/.pico-sdk/sdk/2.1.1/src/rp2_common/pico_runtime_init/runtime_init.c.obj
                0x100077c4                __pre_init_runtime_init_install_ram_vector_table
 .preinit_array.11000
                0x100077c8        0x4 CMakeFiles/FreeRTOS_PICO2350.dir/C_/Users/petek/.pico-sdk/sdk/2.1.1/src/common/pico_time/time.c.obj
                0x100077c8                __pre_init_runtime_init_default_alarm_pool
 .preinit_array.YYYYY
                0x100077cc        0x4 CMakeFiles/FreeRTOS_PICO2350.dir/C_/Users/petek/.pico-sdk/sdk/2.1.1/src/rp2_common/pico_runtime/runtime.c.obj
                0x100077cc                __pre_init_first_per_core_initializer
 .preinit_array.ZZZZZ.00051
                0x100077d0        0x4 CMakeFiles/FreeRTOS_PICO2350.dir/C_/Users/petek/.pico-sdk/sdk/2.1.1/src/rp2_common/pico_runtime_init/runtime_init.c.obj
                0x100077d0                __pre_init_runtime_init_per_core_bootrom_reset
 .preinit_array.ZZZZZ.00200
                0x100077d4        0x4 CMakeFiles/FreeRTOS_PICO2350.dir/C_/Users/petek/.pico-sdk/sdk/2.1.1/src/rp2_common/pico_runtime_init/runtime_init.c.obj
                0x100077d4                __pre_init_runtime_init_per_core_enable_coprocessors
 .preinit_array.ZZZZZ.01000
                0x100077d8        0x4 CMakeFiles/FreeRTOS_PICO2350.dir/C_/Users/petek/.pico-sdk/sdk/2.1.1/src/rp2_common/hardware_sync_spin_lock/sync_spin_lock.c.obj
                0x100077d8                __pre_init_spinlock_set_extexclall
 .preinit_array.ZZZZZ.01200
                0x100077dc        0x4 CMakeFiles/FreeRTOS_PICO2350.dir/C_/Users/petek/.pico-sdk/sdk/2.1.1/src/rp2_common/hardware_irq/irq.c.obj
                0x100077dc                __pre_init_runtime_init_per_core_irq_priorities
 *(.preinit_array)
                0x100077e0                        PROVIDE (__preinit_array_end = .)
                0x100077e0                        . = ALIGN (0x4)
                0x100077e0                        PROVIDE (__init_array_start = .)
 *(SORT_BY_NAME(.init_array.*))
 *(.init_array)
 .init_array    0x100077e0        0x4 C:/PROGRA~2/ARMGNU~1/14EFD8~1.2RE/bin/../lib/gcc/arm-none-eabi/14.2.1/thumb/v8-m.main+fp/softfp/crtbegin.o
 .init_array    0x100077e4        0x4 CMakeFiles/FreeRTOS_PICO2350.dir/C_/Users/petek/Documents/pico/FreeRTOS_PICO2350/src/FreeRTOS/portable/ThirdParty/GCC/RP2350_ARM_NTZ/non_secure/port.c.obj
                0x100077e8                        PROVIDE (__init_array_end = .)
                0x100077e8                        . = ALIGN (0x4)
                [!provide]                        PROVIDE (__fini_array_start = .)
 *(SORT_BY_NAME(.fini_array.*))
 *(.fini_array)
                [!provide]                        PROVIDE (__fini_array_end = .)
 *(.eh_frame*)
 .eh_frame      0x100077e8        0x0 C:/PROGRA~2/ARMGNU~1/14EFD8~1.2RE/bin/../lib/gcc/arm-none-eabi/14.2.1/thumb/v8-m.main+fp/softfp/crtbegin.o
                0x100077e8                        . = ALIGN (0x4)

.glue_7         0x100077e8        0x0
 .glue_7        0x100077e8        0x0 linker stubs

.glue_7t        0x100077e8        0x0
 .glue_7t       0x100077e8        0x0 linker stubs

.vfp11_veneer   0x100077e8        0x0
 .vfp11_veneer  0x100077e8        0x0 linker stubs

.v4_bx          0x100077e8        0x0
 .v4_bx         0x100077e8        0x0 linker stubs

.iplt           0x100077e8        0x0
 .iplt          0x100077e8        0x0 C:/PROGRA~2/ARMGNU~1/14EFD8~1.2RE/bin/../lib/gcc/arm-none-eabi/14.2.1/thumb/v8-m.main+fp/softfp/crtbegin.o

.boot2          0x100077e8        0x0
                0x100077e8                        __boot2_start__ = .
 *(.boot2)
                0x100077e8                        __boot2_end__ = .
                0x00000001                        ASSERT (((__boot2_end__ - __boot2_start__) <= 0x100), ERROR: Pico second stage bootloader must be no more than 256 bytes in size)

.rodata         0x100077e8     0x2148
 *(EXCLUDE_FILE(*libm.a: *libc.a:*lib_a-mem*.o *libgcc.a:) .rodata*)
 .rodata.blink_task.str1.4
                0x100077e8     0x18d8 CMakeFiles/FreeRTOS_PICO2350.dir/C_/Users/petek/Documents/pico/FreeRTOS_PICO2350/src/hello_freertos.c.obj
                                 0x2e (size before relaxing)
 .rodata.do_work.str1.4
                0x100090c0       0x32 CMakeFiles/FreeRTOS_PICO2350.dir/C_/Users/petek/Documents/pico/FreeRTOS_PICO2350/src/hello_freertos.c.obj
 .rodata.main_task.str1.4
                0x100090c0       0x47 CMakeFiles/FreeRTOS_PICO2350.dir/C_/Users/petek/Documents/pico/FreeRTOS_PICO2350/src/hello_freertos.c.obj
 .rodata.vLaunch.str1.4
                0x100090c0        0xb CMakeFiles/FreeRTOS_PICO2350.dir/C_/Users/petek/Documents/pico/FreeRTOS_PICO2350/src/hello_freertos.c.obj
 .rodata.main.str1.4
                0x100090c0       0x2c CMakeFiles/FreeRTOS_PICO2350.dir/C_/Users/petek/Documents/pico/FreeRTOS_PICO2350/src/hello_freertos.c.obj
 .rodata        0x100090c0        0xc CMakeFiles/FreeRTOS_PICO2350.dir/C_/Users/petek/Documents/pico/FreeRTOS_PICO2350/src/hello_freertos.c.obj
 .rodata.async_context_freertos_acquire_lock_blocking.str1.4
                0x100090cc       0x76 CMakeFiles/FreeRTOS_PICO2350.dir/C_/Users/petek/.pico-sdk/sdk/2.1.1/src/rp2_common/pico_async_context/async_context_freertos.c.obj
 .rodata.async_context_freertos_lock_check.str1.4
                0x100090cc       0x4a CMakeFiles/FreeRTOS_PICO2350.dir/C_/Users/petek/.pico-sdk/sdk/2.1.1/src/rp2_common/pico_async_context/async_context_freertos.c.obj
 .rodata.async_context_freertos_execute_sync.str1.4
                0x100090cc       0x4a CMakeFiles/FreeRTOS_PICO2350.dir/C_/Users/petek/.pico-sdk/sdk/2.1.1/src/rp2_common/pico_async_context/async_context_freertos.c.obj
 .rodata.async_context_freertos_init.str1.4
                0x100090cc       0x27 CMakeFiles/FreeRTOS_PICO2350.dir/C_/Users/petek/.pico-sdk/sdk/2.1.1/src/rp2_common/pico_async_context/async_context_freertos.c.obj
 .rodata.__func__.0
                0x100090cc       0x24 CMakeFiles/FreeRTOS_PICO2350.dir/C_/Users/petek/.pico-sdk/sdk/2.1.1/src/rp2_common/pico_async_context/async_context_freertos.c.obj
 .rodata.__func__.1
                0x100090f0       0x22 CMakeFiles/FreeRTOS_PICO2350.dir/C_/Users/petek/.pico-sdk/sdk/2.1.1/src/rp2_common/pico_async_context/async_context_freertos.c.obj
 *fill*         0x10009112        0x2 
 .rodata.__func__.2
                0x10009114       0x2b CMakeFiles/FreeRTOS_PICO2350.dir/C_/Users/petek/.pico-sdk/sdk/2.1.1/src/rp2_common/pico_async_context/async_context_freertos.c.obj
 *fill*         0x1000913f        0x1 
 .rodata.__func__.3
                0x10009140       0x22 CMakeFiles/FreeRTOS_PICO2350.dir/C_/Users/petek/.pico-sdk/sdk/2.1.1/src/rp2_common/pico_async_context/async_context_freertos.c.obj
 *fill*         0x10009162        0x2 
 .rodata.__func__.4
                0x10009164       0x2d CMakeFiles/FreeRTOS_PICO2350.dir/C_/Users/petek/.pico-sdk/sdk/2.1.1/src/rp2_common/pico_async_context/async_context_freertos.c.obj
 *fill*         0x10009191        0x3 
 .rodata.template
                0x10009194       0x38 CMakeFiles/FreeRTOS_PICO2350.dir/C_/Users/petek/.pico-sdk/sdk/2.1.1/src/rp2_common/pico_async_context/async_context_freertos.c.obj
 .rodata.async_context_base_remove_ready_at_time_worker.str1.4
                0x100091cc       0x7e CMakeFiles/FreeRTOS_PICO2350.dir/C_/Users/petek/.pico-sdk/sdk/2.1.1/src/rp2_common/pico_async_context/async_context_base.c.obj
 .rodata.__func__.0
                0x100091cc       0x2f CMakeFiles/FreeRTOS_PICO2350.dir/C_/Users/petek/.pico-sdk/sdk/2.1.1/src/rp2_common/pico_async_context/async_context_base.c.obj
 .rodata.panic.str1.4
                0x100091fb       0x12 CMakeFiles/FreeRTOS_PICO2350.dir/C_/Users/petek/.pico-sdk/sdk/2.1.1/src/rp2_common/pico_platform_panic/panic.c.obj
 .rodata.prvInsertBlockIntoFreeList.str1.4
                0x100091fb       0xd3 CMakeFiles/FreeRTOS_PICO2350.dir/C_/Users/petek/Documents/pico/FreeRTOS_PICO2350/src/FreeRTOS/portable/MemMang/heap_4.c.obj
 .rodata.pvPortMalloc.str1.4
                0x100091fb      0x18d CMakeFiles/FreeRTOS_PICO2350.dir/C_/Users/petek/Documents/pico/FreeRTOS_PICO2350/src/FreeRTOS/portable/MemMang/heap_4.c.obj
 .rodata.vPortFree.str1.4
                0x100091fb      0x113 CMakeFiles/FreeRTOS_PICO2350.dir/C_/Users/petek/Documents/pico/FreeRTOS_PICO2350/src/FreeRTOS/portable/MemMang/heap_4.c.obj
 *fill*         0x100091fb        0x1 
 .rodata.__func__.0
                0x100091fc       0x1b CMakeFiles/FreeRTOS_PICO2350.dir/C_/Users/petek/Documents/pico/FreeRTOS_PICO2350/src/FreeRTOS/portable/MemMang/heap_4.c.obj
 *fill*         0x10009217        0x1 
 .rodata.__func__.1
                0x10009218        0xa CMakeFiles/FreeRTOS_PICO2350.dir/C_/Users/petek/Documents/pico/FreeRTOS_PICO2350/src/FreeRTOS/portable/MemMang/heap_4.c.obj
 *fill*         0x10009222        0x2 
 .rodata.__func__.2
                0x10009224        0xd CMakeFiles/FreeRTOS_PICO2350.dir/C_/Users/petek/Documents/pico/FreeRTOS_PICO2350/src/FreeRTOS/portable/MemMang/heap_4.c.obj
 .rodata.prvTaskExitError.str1.4
                0x10009231       0xaa CMakeFiles/FreeRTOS_PICO2350.dir/C_/Users/petek/Documents/pico/FreeRTOS_PICO2350/src/FreeRTOS/portable/ThirdParty/GCC/RP2350_ARM_NTZ/non_secure/port.c.obj
 .rodata.xPortStartSchedulerOnCore.str1.4
                0x10009231       0x58 CMakeFiles/FreeRTOS_PICO2350.dir/C_/Users/petek/Documents/pico/FreeRTOS_PICO2350/src/FreeRTOS/portable/ThirdParty/GCC/RP2350_ARM_NTZ/non_secure/port.c.obj
 .rodata.vPortSVCHandler_C.str1.4
                0x10009231       0x15 CMakeFiles/FreeRTOS_PICO2350.dir/C_/Users/petek/Documents/pico/FreeRTOS_PICO2350/src/FreeRTOS/portable/ThirdParty/GCC/RP2350_ARM_NTZ/non_secure/port.c.obj
 .rodata.xPortStartScheduler.str1.4
                0x10009231       0x30 CMakeFiles/FreeRTOS_PICO2350.dir/C_/Users/petek/Documents/pico/FreeRTOS_PICO2350/src/FreeRTOS/portable/ThirdParty/GCC/RP2350_ARM_NTZ/non_secure/port.c.obj
 .rodata.vPortValidateInterruptPriority.str1.4
                0x10009231       0x86 CMakeFiles/FreeRTOS_PICO2350.dir/C_/Users/petek/Documents/pico/FreeRTOS_PICO2350/src/FreeRTOS/portable/ThirdParty/GCC/RP2350_ARM_NTZ/non_secure/port.c.obj
 .rodata.vPortLockInternalSpinUnlockWithWait.str1.4
                0x10009231       0x7e CMakeFiles/FreeRTOS_PICO2350.dir/C_/Users/petek/Documents/pico/FreeRTOS_PICO2350/src/FreeRTOS/portable/ThirdParty/GCC/RP2350_ARM_NTZ/non_secure/port.c.obj
 .rodata.vYieldCore.str1.4
                0x10009231       0x36 CMakeFiles/FreeRTOS_PICO2350.dir/C_/Users/petek/Documents/pico/FreeRTOS_PICO2350/src/FreeRTOS/portable/ThirdParty/GCC/RP2350_ARM_NTZ/non_secure/port.c.obj
 *fill*         0x10009231        0x3 
 .rodata.__func__.0
                0x10009234        0xb CMakeFiles/FreeRTOS_PICO2350.dir/C_/Users/petek/Documents/pico/FreeRTOS_PICO2350/src/FreeRTOS/portable/ThirdParty/GCC/RP2350_ARM_NTZ/non_secure/port.c.obj
 *fill*         0x1000923f        0x1 
 .rodata.__func__.1
                0x10009240       0x37 CMakeFiles/FreeRTOS_PICO2350.dir/C_/Users/petek/Documents/pico/FreeRTOS_PICO2350/src/FreeRTOS/portable/ThirdParty/GCC/RP2350_ARM_NTZ/non_secure/port.c.obj
 *fill*         0x10009277        0x1 
 .rodata.__func__.3
                0x10009278       0x1f CMakeFiles/FreeRTOS_PICO2350.dir/C_/Users/petek/Documents/pico/FreeRTOS_PICO2350/src/FreeRTOS/portable/ThirdParty/GCC/RP2350_ARM_NTZ/non_secure/port.c.obj
 *fill*         0x10009297        0x1 
 .rodata.__func__.5
                0x10009298       0x1a CMakeFiles/FreeRTOS_PICO2350.dir/C_/Users/petek/Documents/pico/FreeRTOS_PICO2350/src/FreeRTOS/portable/ThirdParty/GCC/RP2350_ARM_NTZ/non_secure/port.c.obj
 *fill*         0x100092b2        0x2 
 .rodata.__func__.6
                0x100092b4       0x14 CMakeFiles/FreeRTOS_PICO2350.dir/C_/Users/petek/Documents/pico/FreeRTOS_PICO2350/src/FreeRTOS/portable/ThirdParty/GCC/RP2350_ARM_NTZ/non_secure/port.c.obj
 .rodata.__func__.7
                0x100092c8       0x11 CMakeFiles/FreeRTOS_PICO2350.dir/C_/Users/petek/Documents/pico/FreeRTOS_PICO2350/src/FreeRTOS/portable/ThirdParty/GCC/RP2350_ARM_NTZ/non_secure/port.c.obj
 *fill*         0x100092d9        0x3 
 .rodata.__func__.8
                0x100092dc       0x12 CMakeFiles/FreeRTOS_PICO2350.dir/C_/Users/petek/Documents/pico/FreeRTOS_PICO2350/src/FreeRTOS/portable/ThirdParty/GCC/RP2350_ARM_NTZ/non_secure/port.c.obj
 .rodata.xEventGroupWaitBits.str1.4
                0x100092ee       0xfb CMakeFiles/FreeRTOS_PICO2350.dir/C_/Users/petek/Documents/pico/FreeRTOS_PICO2350/src/FreeRTOS/event_groups.c.obj
 .rodata.xEventGroupSetBits.str1.4
                0x100092ee       0x34 CMakeFiles/FreeRTOS_PICO2350.dir/C_/Users/petek/Documents/pico/FreeRTOS_PICO2350/src/FreeRTOS/event_groups.c.obj
 *fill*         0x100092ee        0x2 
 .rodata.__func__.1
                0x100092f0       0x13 CMakeFiles/FreeRTOS_PICO2350.dir/C_/Users/petek/Documents/pico/FreeRTOS_PICO2350/src/FreeRTOS/event_groups.c.obj
 *fill*         0x10009303        0x1 
 .rodata.__func__.3
                0x10009304       0x14 CMakeFiles/FreeRTOS_PICO2350.dir/C_/Users/petek/Documents/pico/FreeRTOS_PICO2350/src/FreeRTOS/event_groups.c.obj
 .rodata.prvNotifyQueueSetContainer.str1.4
                0x10009318       0xc6 CMakeFiles/FreeRTOS_PICO2350.dir/C_/Users/petek/Documents/pico/FreeRTOS_PICO2350/src/FreeRTOS/queue.c.obj
 .rodata.xQueueGenericReset.str1.4
                0x10009318       0x2c CMakeFiles/FreeRTOS_PICO2350.dir/C_/Users/petek/Documents/pico/FreeRTOS_PICO2350/src/FreeRTOS/queue.c.obj
 .rodata.xQueueGenericCreate.str1.4
                0x10009318        0xb CMakeFiles/FreeRTOS_PICO2350.dir/C_/Users/petek/Documents/pico/FreeRTOS_PICO2350/src/FreeRTOS/queue.c.obj
 .rodata.xQueueGetMutexHolder.str1.4
                0x10009318        0xb CMakeFiles/FreeRTOS_PICO2350.dir/C_/Users/petek/Documents/pico/FreeRTOS_PICO2350/src/FreeRTOS/queue.c.obj
 .rodata.xQueueGenericSend.str1.4
                0x10009318       0xfb CMakeFiles/FreeRTOS_PICO2350.dir/C_/Users/petek/Documents/pico/FreeRTOS_PICO2350/src/FreeRTOS/queue.c.obj
 .rodata.xQueueGiveMutexRecursive.str1.4
                0x10009318        0x8 CMakeFiles/FreeRTOS_PICO2350.dir/C_/Users/petek/Documents/pico/FreeRTOS_PICO2350/src/FreeRTOS/queue.c.obj
 .rodata.xQueueGiveFromISR.str1.4